# There is insufficient memory for the Java Runtime Environment to continue.
# Native memory allocation (malloc) failed to allocate 157776 bytes for Chunk::new
# Possible reasons:
#   The system is out of physical RAM or swap space
#   The process is running with CompressedOops enabled, and the Java Heap may be blocking the growth of the native heap
# Possible solutions:
#   Reduce memory load on the system
#   Increase physical memory or swap space
#   Check if swap backing store is full
#   Decrease Java heap size (-Xmx/-Xms)
#   Decrease number of Java threads
#
#  
#
# JRE version: Java(TM) SE Runtime Environment (17.0.12+8) (build 17.0.12+8-LTS-286)
# Java VM: Java HotSpot(TM) 64-Bit Server VM (17.0.12+8-LTS-286, mixed mode, sharing, tiered, compressed oops, compressed class ptrs, g1 gc, windows-amd64)
# No core dump will be written. Minidumps are not enabled by default on client versions of Windows
#

---------------  S U M M A R Y ------------

Command Line: -Xmx64m -Xms64m -Dorg.gradle.appname=gradlew org.gradle.wrapper.GradleWrapperMain app:installDebug -PreactNativeDevServerPort=8081

Host: AMD Ryzen 5 3500U with Radeon Vega Mobile Gfx  , 8 cores, 3G,  Windows 11 , 64 bit Build 26100 (10.0.26100.3775)
Time: Tue Apr 29 15:35:36 2025 China Standard Time elapsed time: 187.247172 seconds (0d 0h 3m 7s)

---------------  T H R E A D  ---------------

Current thread (0x000001e288120680):  JavaThread "C2 CompilerThread0" daemon [_thread_in_native, id=15476, stack(0x000000a5ccc00000,0x000000a5ccd00000)]


Current CompileTask:
C2: 187247 2107       4       java.util.AbstractList::equals (117 bytes)

Stack: [0x000000a5ccc00000,0x000000a5ccd00000]
Native frames: (J=compiled Java code, j=interpreted, Vv=VM code, C=native code)
V  [jvm.dll+0x67a04a]
V  [jvm.dll+0x7da4ed]
V  [jvm.dll+0x7dbe33]
V  [jvm.dll+0x7dc4a3]
V  [jvm.dll+0x24508f]
V  [jvm.dll+0xab773]
V  [jvm.dll+0xabd3c]
V  [jvm.dll+0x361b9f]
V  [jvm.dll+0x32c431]
V  [jvm.dll+0x32b8ca]
V  [jvm.dll+0x21683f]
V  [jvm.dll+0x215c6f]
V  [jvm.dll+0x1a2960]
V  [jvm.dll+0x22610b]
V  [jvm.dll+0x2242ab]
V  [jvm.dll+0x79075c]
V  [jvm.dll+0x78abea]
V  [jvm.dll+0x678f35]
C  [ucrtbase.dll+0x37b0]
C  [KERNEL32.DLL+0x2e8d7]
C  [ntdll.dll+0xb14fc]


---------------  P R O C E S S  ---------------

Threads class SMR info:
_java_thread_list=0x000001e288399170, length=13, elements={
0x000001e22d7d13e0, 0x000001e22d8865a0, 0x000001e22d887160, 0x000001e22d89abb0,
0x000001e22d89d580, 0x000001e22d89df40, 0x000001e22d89e900, 0x000001e288120680,
0x000001e2881365d0, 0x000001e2881575f0, 0x000001e288292e10, 0x000001e2882964c0,
0x000001e28d25e010
}

Java Threads: ( => current thread )
  0x000001e22d7d13e0 JavaThread "main" [_thread_in_native, id=15848, stack(0x000000a5cbf00000,0x000000a5cc000000)]
  0x000001e22d8865a0 JavaThread "Reference Handler" daemon [_thread_blocked, id=2924, stack(0x000000a5cc600000,0x000000a5cc700000)]
  0x000001e22d887160 JavaThread "Finalizer" daemon [_thread_blocked, id=8904, stack(0x000000a5cc700000,0x000000a5cc800000)]
  0x000001e22d89abb0 JavaThread "Signal Dispatcher" daemon [_thread_blocked, id=14424, stack(0x000000a5cc800000,0x000000a5cc900000)]
  0x000001e22d89d580 JavaThread "Attach Listener" daemon [_thread_blocked, id=1348, stack(0x000000a5cc900000,0x000000a5cca00000)]
  0x000001e22d89df40 JavaThread "Service Thread" daemon [_thread_blocked, id=16332, stack(0x000000a5cca00000,0x000000a5ccb00000)]
  0x000001e22d89e900 JavaThread "Monitor Deflation Thread" daemon [_thread_blocked, id=4220, stack(0x000000a5ccb00000,0x000000a5ccc00000)]
=>0x000001e288120680 JavaThread "C2 CompilerThread0" daemon [_thread_in_native, id=15476, stack(0x000000a5ccc00000,0x000000a5ccd00000)]
  0x000001e2881365d0 JavaThread "C1 CompilerThread0" daemon [_thread_blocked, id=8600, stack(0x000000a5ccd00000,0x000000a5cce00000)]
  0x000001e2881575f0 JavaThread "Sweeper thread" daemon [_thread_blocked, id=5932, stack(0x000000a5cce00000,0x000000a5ccf00000)]
  0x000001e288292e10 JavaThread "Notification Thread" daemon [_thread_blocked, id=16000, stack(0x000000a5ccf00000,0x000000a5cd000000)]
  0x000001e2882964c0 JavaThread "Common-Cleaner" daemon [_thread_blocked, id=3444, stack(0x000000a5cd100000,0x000000a5cd200000)]
  0x000001e28d25e010 JavaThread "pool-1-thread-1" [_thread_blocked, id=12576, stack(0x000000a5cd600000,0x000000a5cd700000)]

Other Threads:
  0x000001e22d87e6d0 VMThread "VM Thread" [stack: 0x000000a5cc500000,0x000000a5cc600000] [id=4952]
  0x000001e22d7fe930 WatcherThread [stack: 0x000000a5cd000000,0x000000a5cd100000] [id=15496]
  0x000001e22d7f1930 GCTaskThread "GC Thread#0" [stack: 0x000000a5cc000000,0x000000a5cc100000] [id=13884]
  0x000001e28886bc40 GCTaskThread "GC Thread#1" [stack: 0x000000a5cd300000,0x000000a5cd400000] [id=4584]
  0x000001e28856d9c0 GCTaskThread "GC Thread#2" [stack: 0x000000a5cd400000,0x000000a5cd500000] [id=5832]
  0x000001e28856dc80 GCTaskThread "GC Thread#3" [stack: 0x000000a5cd500000,0x000000a5cd600000] [id=9944]
  0x000001e28d56d960 GCTaskThread "GC Thread#4" [stack: 0x000000a5cd200000,0x000000a5cd300000] [id=7020]
  0x000001e28d1cb810 GCTaskThread "GC Thread#5" [stack: 0x000000a5cd700000,0x000000a5cd800000] [id=13940]
  0x000001e28d542190 GCTaskThread "GC Thread#6" [stack: 0x000000a5cd800000,0x000000a5cd900000] [id=10960]
  0x000001e22d7f4090 ConcurrentGCThread "G1 Main Marker" [stack: 0x000000a5cc100000,0x000000a5cc200000] [id=2024]
  0x000001e22d7f5770 ConcurrentGCThread "G1 Conc#0" [stack: 0x000000a5cc200000,0x000000a5cc300000] [id=7164]
  0x000001e22d85ef90 ConcurrentGCThread "G1 Refine#0" [stack: 0x000000a5cc300000,0x000000a5cc400000] [id=13704]
  0x000001e22d85f9c0 ConcurrentGCThread "G1 Service" [stack: 0x000000a5cc400000,0x000000a5cc500000] [id=12244]

Threads with active compile tasks:
C2 CompilerThread0   187296 2107       4       java.util.AbstractList::equals (117 bytes)

VM state: not at safepoint (normal execution)

VM Mutex/Monitor currently owned by a thread: None

Heap address: 0x00000000fc000000, size: 64 MB, Compressed Oops mode: 32-bit

CDS archive(s) mapped at: [0x000001e247000000-0x000001e247bd0000-0x000001e247bd0000), size 12386304, SharedBaseAddress: 0x000001e247000000, ArchiveRelocationMode: 1.
Compressed class space mapped at: 0x000001e248000000-0x000001e288000000, reserved size: 1073741824
Narrow klass base: 0x000001e247000000, Narrow klass shift: 0, Narrow klass range: 0x100000000

GC Precious Log:
 CPUs: 8 total, 8 available
 Memory: 3519M
 Large Page Support: Disabled
 NUMA Support: Disabled
 Compressed Oops: Enabled (32-bit)
 Heap Region Size: 1M
 Heap Min Capacity: 64M
 Heap Initial Capacity: 64M
 Heap Max Capacity: 64M
 Pre-touch: Disabled
 Parallel Workers: 8
 Concurrent Workers: 2
 Concurrent Refinement Workers: 8
 Periodic GC: Disabled

Heap:
 garbage-first heap   total 65536K, used 25713K [0x00000000fc000000, 0x0000000100000000)
  region size 1024K, 20 young (20480K), 5 survivors (5120K)
 Metaspace       used 10226K, committed 10432K, reserved 1114112K
  class space    used 1325K, committed 1408K, reserved 1048576K

Heap Regions: E=young(eden), S=young(survivor), O=old, HS=humongous(starts), HC=humongous(continues), CS=collection set, F=free, OA=open archive, CA=closed archive, TAMS=top-at-mark-start (previous, next)
|   0|0x00000000fc000000, 0x00000000fc100000, 0x00000000fc100000|100%|HS|  |TAMS 0x00000000fc000000, 0x00000000fc000000| Complete 
|   1|0x00000000fc100000, 0x00000000fc200000, 0x00000000fc200000|100%|HC|  |TAMS 0x00000000fc100000, 0x00000000fc100000| Complete 
|   2|0x00000000fc200000, 0x00000000fc300000, 0x00000000fc300000|100%|HC|  |TAMS 0x00000000fc200000, 0x00000000fc200000| Complete 
|   3|0x00000000fc300000, 0x00000000fc400000, 0x00000000fc400000|100%| O|  |TAMS 0x00000000fc300000, 0x00000000fc300000| Untracked 
|   4|0x00000000fc400000, 0x00000000fc500000, 0x00000000fc500000|100%| O|  |TAMS 0x00000000fc400000, 0x00000000fc400000| Untracked 
|   5|0x00000000fc500000, 0x00000000fc600000, 0x00000000fc600000|100%| O|  |TAMS 0x00000000fc500000, 0x00000000fc500000| Untracked 
|   6|0x00000000fc600000, 0x00000000fc61c400, 0x00000000fc700000| 11%| O|  |TAMS 0x00000000fc600000, 0x00000000fc600000| Untracked 
|   7|0x00000000fc700000, 0x00000000fc700000, 0x00000000fc800000|  0%| F|  |TAMS 0x00000000fc700000, 0x00000000fc700000| Untracked 
|   8|0x00000000fc800000, 0x00000000fc800000, 0x00000000fc900000|  0%| F|  |TAMS 0x00000000fc800000, 0x00000000fc800000| Untracked 
|   9|0x00000000fc900000, 0x00000000fc900000, 0x00000000fca00000|  0%| F|  |TAMS 0x00000000fc900000, 0x00000000fc900000| Untracked 
|  10|0x00000000fca00000, 0x00000000fca00000, 0x00000000fcb00000|  0%| F|  |TAMS 0x00000000fca00000, 0x00000000fca00000| Untracked 
|  11|0x00000000fcb00000, 0x00000000fcb00000, 0x00000000fcc00000|  0%| F|  |TAMS 0x00000000fcb00000, 0x00000000fcb00000| Untracked 
|  12|0x00000000fcc00000, 0x00000000fcc00000, 0x00000000fcd00000|  0%| F|  |TAMS 0x00000000fcc00000, 0x00000000fcc00000| Untracked 
|  13|0x00000000fcd00000, 0x00000000fcd00000, 0x00000000fce00000|  0%| F|  |TAMS 0x00000000fcd00000, 0x00000000fcd00000| Untracked 
|  14|0x00000000fce00000, 0x00000000fce00000, 0x00000000fcf00000|  0%| F|  |TAMS 0x00000000fce00000, 0x00000000fce00000| Untracked 
|  15|0x00000000fcf00000, 0x00000000fcf00000, 0x00000000fd000000|  0%| F|  |TAMS 0x00000000fcf00000, 0x00000000fcf00000| Untracked 
|  16|0x00000000fd000000, 0x00000000fd000000, 0x00000000fd100000|  0%| F|  |TAMS 0x00000000fd000000, 0x00000000fd000000| Untracked 
|  17|0x00000000fd100000, 0x00000000fd100000, 0x00000000fd200000|  0%| F|  |TAMS 0x00000000fd100000, 0x00000000fd100000| Untracked 
|  18|0x00000000fd200000, 0x00000000fd200000, 0x00000000fd300000|  0%| F|  |TAMS 0x00000000fd200000, 0x00000000fd200000| Untracked 
|  19|0x00000000fd300000, 0x00000000fd300000, 0x00000000fd400000|  0%| F|  |TAMS 0x00000000fd300000, 0x00000000fd300000| Untracked 
|  20|0x00000000fd400000, 0x00000000fd400000, 0x00000000fd500000|  0%| F|  |TAMS 0x00000000fd400000, 0x00000000fd400000| Untracked 
|  21|0x00000000fd500000, 0x00000000fd500000, 0x00000000fd600000|  0%| F|  |TAMS 0x00000000fd500000, 0x00000000fd500000| Untracked 
|  22|0x00000000fd600000, 0x00000000fd600000, 0x00000000fd700000|  0%| F|  |TAMS 0x00000000fd600000, 0x00000000fd600000| Untracked 
|  23|0x00000000fd700000, 0x00000000fd700000, 0x00000000fd800000|  0%| F|  |TAMS 0x00000000fd700000, 0x00000000fd700000| Untracked 
|  24|0x00000000fd800000, 0x00000000fd800000, 0x00000000fd900000|  0%| F|  |TAMS 0x00000000fd800000, 0x00000000fd800000| Untracked 
|  25|0x00000000fd900000, 0x00000000fd900000, 0x00000000fda00000|  0%| F|  |TAMS 0x00000000fd900000, 0x00000000fd900000| Untracked 
|  26|0x00000000fda00000, 0x00000000fdb00000, 0x00000000fdb00000|100%| S|CS|TAMS 0x00000000fda00000, 0x00000000fda00000| Complete 
|  27|0x00000000fdb00000, 0x00000000fdc00000, 0x00000000fdc00000|100%| S|CS|TAMS 0x00000000fdb00000, 0x00000000fdb00000| Complete 
|  28|0x00000000fdc00000, 0x00000000fdd00000, 0x00000000fdd00000|100%| S|CS|TAMS 0x00000000fdc00000, 0x00000000fdc00000| Complete 
|  29|0x00000000fdd00000, 0x00000000fde00000, 0x00000000fde00000|100%| S|CS|TAMS 0x00000000fdd00000, 0x00000000fdd00000| Complete 
|  30|0x00000000fde00000, 0x00000000fdf00000, 0x00000000fdf00000|100%| S|CS|TAMS 0x00000000fde00000, 0x00000000fde00000| Complete 
|  31|0x00000000fdf00000, 0x00000000fdf00000, 0x00000000fe000000|  0%| F|  |TAMS 0x00000000fdf00000, 0x00000000fdf00000| Untracked 
|  32|0x00000000fe000000, 0x00000000fe000000, 0x00000000fe100000|  0%| F|  |TAMS 0x00000000fe000000, 0x00000000fe000000| Untracked 
|  33|0x00000000fe100000, 0x00000000fe100000, 0x00000000fe200000|  0%| F|  |TAMS 0x00000000fe100000, 0x00000000fe100000| Untracked 
|  34|0x00000000fe200000, 0x00000000fe200000, 0x00000000fe300000|  0%| F|  |TAMS 0x00000000fe200000, 0x00000000fe200000| Untracked 
|  35|0x00000000fe300000, 0x00000000fe300000, 0x00000000fe400000|  0%| F|  |TAMS 0x00000000fe300000, 0x00000000fe300000| Untracked 
|  36|0x00000000fe400000, 0x00000000fe400000, 0x00000000fe500000|  0%| F|  |TAMS 0x00000000fe400000, 0x00000000fe400000| Untracked 
|  37|0x00000000fe500000, 0x00000000fe500000, 0x00000000fe600000|  0%| F|  |TAMS 0x00000000fe500000, 0x00000000fe500000| Untracked 
|  38|0x00000000fe600000, 0x00000000fe600000, 0x00000000fe700000|  0%| F|  |TAMS 0x00000000fe600000, 0x00000000fe600000| Untracked 
|  39|0x00000000fe700000, 0x00000000fe700000, 0x00000000fe800000|  0%| F|  |TAMS 0x00000000fe700000, 0x00000000fe700000| Untracked 
|  40|0x00000000fe800000, 0x00000000fe800000, 0x00000000fe900000|  0%| F|  |TAMS 0x00000000fe800000, 0x00000000fe800000| Untracked 
|  41|0x00000000fe900000, 0x00000000fe900000, 0x00000000fea00000|  0%| F|  |TAMS 0x00000000fe900000, 0x00000000fe900000| Untracked 
|  42|0x00000000fea00000, 0x00000000fea00000, 0x00000000feb00000|  0%| F|  |TAMS 0x00000000fea00000, 0x00000000fea00000| Untracked 
|  43|0x00000000feb00000, 0x00000000feb00000, 0x00000000fec00000|  0%| F|  |TAMS 0x00000000feb00000, 0x00000000feb00000| Untracked 
|  44|0x00000000fec00000, 0x00000000fec00000, 0x00000000fed00000|  0%| F|  |TAMS 0x00000000fec00000, 0x00000000fec00000| Untracked 
|  45|0x00000000fed00000, 0x00000000fed00000, 0x00000000fee00000|  0%| F|  |TAMS 0x00000000fed00000, 0x00000000fed00000| Untracked 
|  46|0x00000000fee00000, 0x00000000fee00000, 0x00000000fef00000|  0%| F|  |TAMS 0x00000000fee00000, 0x00000000fee00000| Untracked 
|  47|0x00000000fef00000, 0x00000000fef00000, 0x00000000ff000000|  0%| F|  |TAMS 0x00000000fef00000, 0x00000000fef00000| Untracked 
|  48|0x00000000ff000000, 0x00000000ff000000, 0x00000000ff100000|  0%| F|  |TAMS 0x00000000ff000000, 0x00000000ff000000| Untracked 
|  49|0x00000000ff100000, 0x00000000ff148648, 0x00000000ff200000| 28%| E|  |TAMS 0x00000000ff100000, 0x00000000ff100000| Complete 
|  50|0x00000000ff200000, 0x00000000ff300000, 0x00000000ff300000|100%| E|CS|TAMS 0x00000000ff200000, 0x00000000ff200000| Complete 
|  51|0x00000000ff300000, 0x00000000ff400000, 0x00000000ff400000|100%| E|CS|TAMS 0x00000000ff300000, 0x00000000ff300000| Complete 
|  52|0x00000000ff400000, 0x00000000ff500000, 0x00000000ff500000|100%| E|CS|TAMS 0x00000000ff400000, 0x00000000ff400000| Complete 
|  53|0x00000000ff500000, 0x00000000ff600000, 0x00000000ff600000|100%| E|CS|TAMS 0x00000000ff500000, 0x00000000ff500000| Complete 
|  54|0x00000000ff600000, 0x00000000ff700000, 0x00000000ff700000|100%| E|CS|TAMS 0x00000000ff600000, 0x00000000ff600000| Complete 
|  55|0x00000000ff700000, 0x00000000ff800000, 0x00000000ff800000|100%| E|CS|TAMS 0x00000000ff700000, 0x00000000ff700000| Complete 
|  56|0x00000000ff800000, 0x00000000ff900000, 0x00000000ff900000|100%| E|CS|TAMS 0x00000000ff800000, 0x00000000ff800000| Complete 
|  57|0x00000000ff900000, 0x00000000ffa00000, 0x00000000ffa00000|100%| E|CS|TAMS 0x00000000ff900000, 0x00000000ff900000| Complete 
|  58|0x00000000ffa00000, 0x00000000ffb00000, 0x00000000ffb00000|100%| E|CS|TAMS 0x00000000ffa00000, 0x00000000ffa00000| Complete 
|  59|0x00000000ffb00000, 0x00000000ffc00000, 0x00000000ffc00000|100%| E|CS|TAMS 0x00000000ffb00000, 0x00000000ffb00000| Complete 
|  60|0x00000000ffc00000, 0x00000000ffd00000, 0x00000000ffd00000|100%| E|CS|TAMS 0x00000000ffc00000, 0x00000000ffc00000| Complete 
|  61|0x00000000ffd00000, 0x00000000ffe00000, 0x00000000ffe00000|100%| E|CS|TAMS 0x00000000ffd00000, 0x00000000ffd00000| Complete 
|  62|0x00000000ffe00000, 0x00000000fff00000, 0x00000000fff00000|100%| E|CS|TAMS 0x00000000ffe00000, 0x00000000ffe00000| Complete 
|  63|0x00000000fff00000, 0x0000000100000000, 0x0000000100000000|100%| E|CS|TAMS 0x00000000fff00000, 0x00000000fff00000| Complete 

Card table byte_map: [0x000001e22d720000,0x000001e22d740000] _byte_map_base: 0x000001e22cf40000

Marking Bits (Prev, Next): (CMBitMap*) 0x000001e22d7f2f60, (CMBitMap*) 0x000001e22d7f2fa0
 Prev Bits: [0x000001e2443c0000, 0x000001e2444c0000)
 Next Bits: [0x000001e2444c0000, 0x000001e2445c0000)

Polling page: 0x000001e22cfa0000

Metaspace:

Usage:
  Non-class:      8.69 MB used.
      Class:      1.29 MB used.
       Both:      9.99 MB used.

Virtual space:
  Non-class space:       64.00 MB reserved,       8.81 MB ( 14%) committed,  1 nodes.
      Class space:        1.00 GB reserved,       1.38 MB ( <1%) committed,  1 nodes.
             Both:        1.06 GB reserved,      10.19 MB ( <1%) committed. 

Chunk freelists:
   Non-Class:  6.30 MB
       Class:  14.45 MB
        Both:  20.75 MB

MaxMetaspaceSize: unlimited
CompressedClassSpaceSize: 1.00 GB
Initial GC threshold: 21.00 MB
Current GC threshold: 21.00 MB
CDS: on
MetaspaceReclaimPolicy: balanced
 - commit_granule_bytes: 65536.
 - commit_granule_words: 8192.
 - virtual_space_node_default_size: 8388608.
 - enlarge_chunks_in_place: 1.
 - new_chunks_are_fully_committed: 0.
 - uncommit_free_chunks: 1.
 - use_allocation_guard: 0.
 - handle_deallocations: 1.


Internal statistics:

num_allocs_failed_limit: 0.
num_arena_births: 90.
num_arena_deaths: 0.
num_vsnodes_births: 2.
num_vsnodes_deaths: 0.
num_space_committed: 163.
num_space_uncommitted: 0.
num_chunks_returned_to_freelist: 0.
num_chunks_taken_from_freelist: 372.
num_chunk_merges: 0.
num_chunk_splits: 246.
num_chunks_enlarged: 198.
num_inconsistent_stats: 0.

CodeHeap 'non-profiled nmethods': size=120000Kb used=843Kb max_used=843Kb free=119156Kb
 bounds [0x000001e23cb60000, 0x000001e23cdd0000, 0x000001e244090000]
CodeHeap 'profiled nmethods': size=120000Kb used=4185Kb max_used=4185Kb free=115814Kb
 bounds [0x000001e235090000, 0x000001e2354b0000, 0x000001e23c5c0000]
CodeHeap 'non-nmethods': size=5760Kb used=1187Kb max_used=1204Kb free=4572Kb
 bounds [0x000001e23c5c0000, 0x000001e23c830000, 0x000001e23cb60000]
 total_blobs=2594 nmethods=2107 adapters=400
 compilation: enabled
              stopped_count=0, restarted_count=0
 full_count=0

Compilation events (20 events):
Event: 131.005 Thread 0x000001e2881365d0 nmethod 2098 0x000001e2354a5090 code [0x000001e2354a5220, 0x000001e2354a5338]
Event: 138.278 Thread 0x000001e288120680 2099       4       java.util.LinkedHashMap$LinkedValueIterator::next (8 bytes)
Event: 138.437 Thread 0x000001e288120680 nmethod 2099 0x000001e23cc31490 code [0x000001e23cc31600, 0x000001e23cc31878]
Event: 138.438 Thread 0x000001e288120680 2100       4       java.util.HashMap$HashIterator::<init> (79 bytes)
Event: 138.528 Thread 0x000001e288120680 nmethod 2100 0x000001e23cc31990 code [0x000001e23cc31b20, 0x000001e23cc31e98]
Event: 150.751 Thread 0x000001e288120680 2101       4       java.util.concurrent.locks.ReentrantLock$Sync::tryRelease (51 bytes)
Event: 150.761 Thread 0x000001e288120680 nmethod 2101 0x000001e23cc32010 code [0x000001e23cc32180, 0x000001e23cc322b8]
Event: 152.591 Thread 0x000001e288120680 2102       4       java.lang.AbstractStringBuilder::shift (37 bytes)
Event: 152.737 Thread 0x000001e288120680 nmethod 2102 0x000001e23cc32390 code [0x000001e23cc32500, 0x000001e23cc32618]
Event: 154.744 Thread 0x000001e288120680 2103       4       java.util.concurrent.ThreadPoolExecutor::afterExecute (1 bytes)
Event: 154.744 Thread 0x000001e288120680 nmethod 2103 0x000001e23cc32710 code [0x000001e23cc32880, 0x000001e23cc328f8]
Event: 169.945 Thread 0x000001e288120680 2104       4       com.google.common.collect.RegularImmutableList::get (7 bytes)
Event: 169.983 Thread 0x000001e288120680 nmethod 2104 0x000001e23cc32a10 code [0x000001e23cc32b80, 0x000001e23cc32c38]
Event: 182.927 Thread 0x000001e2881365d0 2105       3       com.google.common.collect.Iterators$ArrayItr::<init> (18 bytes)
Event: 182.937 Thread 0x000001e2881365d0 nmethod 2105 0x000001e2354a5410 code [0x000001e2354a55e0, 0x000001e2354a5988]
Event: 182.937 Thread 0x000001e2881365d0 2106       3       com.google.common.collect.AbstractIndexedListIterator::<init> (21 bytes)
Event: 182.939 Thread 0x000001e2881365d0 nmethod 2106 0x000001e2354a5b10 code [0x000001e2354a5ce0, 0x000001e2354a5fc8]
Event: 183.133 Thread 0x000001e288120680 2107       4       java.util.AbstractList::equals (117 bytes)
Event: 183.928 Thread 0x000001e2881365d0 2109       3       com.google.common.collect.ImmutableList::iterator (5 bytes)
Event: 184.196 Thread 0x000001e2881365d0 nmethod 2109 0x000001e2354a6110 code [0x000001e2354a62c0, 0x000001e2354a6648]

GC Heap History (4 events):
Event: 0.669 GC heap before
{Heap before GC invocations=0 (full 0):
 garbage-first heap   total 65536K, used 22528K [0x00000000fc000000, 0x0000000100000000)
  region size 1024K, 23 young (23552K), 0 survivors (0K)
 Metaspace       used 1797K, committed 1920K, reserved 1114112K
  class space    used 160K, committed 192K, reserved 1048576K
}
Event: 0.675 GC heap after
{Heap after GC invocations=1 (full 0):
 garbage-first heap   total 65536K, used 2560K [0x00000000fc000000, 0x0000000100000000)
  region size 1024K, 3 young (3072K), 3 survivors (3072K)
 Metaspace       used 1797K, committed 1920K, reserved 1114112K
  class space    used 160K, committed 192K, reserved 1048576K
}
Event: 2.093 GC heap before
{Heap before GC invocations=1 (full 0):
 garbage-first heap   total 65536K, used 35328K [0x00000000fc000000, 0x0000000100000000)
  region size 1024K, 33 young (33792K), 3 survivors (3072K)
 Metaspace       used 7933K, committed 8192K, reserved 1114112K
  class space    used 1089K, committed 1216K, reserved 1048576K
}
Event: 2.100 GC heap after
{Heap after GC invocations=2 (full 0):
 garbage-first heap   total 65536K, used 11377K [0x00000000fc000000, 0x0000000100000000)
  region size 1024K, 5 young (5120K), 5 survivors (5120K)
 Metaspace       used 7933K, committed 8192K, reserved 1114112K
  class space    used 1089K, committed 1216K, reserved 1048576K
}

Deoptimization events (20 events):
Event: 2.344 Thread 0x000001e28d662fe0 Uncommon trap: trap_request=0xffffff45 fr.pc=0x000001e23cbabf5c relative=0x000000000000005c
Event: 2.344 Thread 0x000001e28d662fe0 Uncommon trap: reason=unstable_if action=reinterpret pc=0x000001e23cbabf5c method=java.lang.AbstractStringBuilder.isLatin1()Z @ 10 c2
Event: 2.344 Thread 0x000001e28d662fe0 DEOPT PACKING pc=0x000001e23cbabf5c sp=0x000000a5cdafee40
Event: 2.344 Thread 0x000001e28d662fe0 DEOPT UNPACKING pc=0x000001e23c6123a3 sp=0x000000a5cdafedd0 mode 2
Event: 2.344 Thread 0x000001e28d662fe0 Uncommon trap: trap_request=0xffffff45 fr.pc=0x000001e23cbe76ec relative=0x00000000000003cc
Event: 2.344 Thread 0x000001e28d662fe0 Uncommon trap: reason=unstable_if action=reinterpret pc=0x000001e23cbe76ec method=java.lang.AbstractStringBuilder.isLatin1()Z @ 10 c2
Event: 2.344 Thread 0x000001e28d662fe0 DEOPT PACKING pc=0x000001e23cbe76ec sp=0x000000a5cdaff030
Event: 2.344 Thread 0x000001e28d662fe0 DEOPT UNPACKING pc=0x000001e23c6123a3 sp=0x000000a5cdafefb0 mode 2
Event: 5.791 Thread 0x000001e28d662fe0 Uncommon trap: trap_request=0xffffff45 fr.pc=0x000001e23cb6d000 relative=0x0000000000000080
Event: 5.791 Thread 0x000001e28d662fe0 Uncommon trap: reason=unstable_if action=reinterpret pc=0x000001e23cb6d000 method=java.lang.String.codePointAt(I)I @ 4 c2
Event: 5.791 Thread 0x000001e28d662fe0 DEOPT PACKING pc=0x000001e23cb6d000 sp=0x000000a5cdafefa0
Event: 5.791 Thread 0x000001e28d662fe0 DEOPT UNPACKING pc=0x000001e23c6123a3 sp=0x000000a5cdafef38 mode 2
Event: 5.794 Thread 0x000001e28d661690 Uncommon trap: trap_request=0xffffffde fr.pc=0x000001e23cbdd9e4 relative=0x0000000000000ec4
Event: 5.794 Thread 0x000001e28d661690 Uncommon trap: reason=class_check action=maybe_recompile pc=0x000001e23cbdd9e4 method=java.util.concurrent.ConcurrentHashMap.putVal(Ljava/lang/Object;Ljava/lang/Object;Z)Ljava/lang/Object; @ 242 c2
Event: 5.794 Thread 0x000001e28d661690 DEOPT PACKING pc=0x000001e23cbdd9e4 sp=0x000000a5cdbfe160
Event: 5.794 Thread 0x000001e28d661690 DEOPT UNPACKING pc=0x000001e23c6123a3 sp=0x000000a5cdbfe0d0 mode 2
Event: 5.844 Thread 0x000001e22d7d13e0 Uncommon trap: trap_request=0xffffff45 fr.pc=0x000001e23cba33bc relative=0x0000000000000a1c
Event: 5.844 Thread 0x000001e22d7d13e0 Uncommon trap: reason=unstable_if action=reinterpret pc=0x000001e23cba33bc method=java.util.HashMap.putVal(ILjava/lang/Object;Ljava/lang/Object;ZZ)Ljava/lang/Object; @ 162 c2
Event: 5.844 Thread 0x000001e22d7d13e0 DEOPT PACKING pc=0x000001e23cba33bc sp=0x000000a5cbffb360
Event: 5.844 Thread 0x000001e22d7d13e0 DEOPT UNPACKING pc=0x000001e23c6123a3 sp=0x000000a5cbffb298 mode 2

Classes unloaded (0 events):
No events

Classes redefined (0 events):
No events

Internal exceptions (20 events):
Event: 1.179 Thread 0x000001e22d7d13e0 Implicit null exception at 0x000001e23cba6f8f to 0x000001e23cba74bc
Event: 1.179 Thread 0x000001e22d7d13e0 Implicit null exception at 0x000001e23cb8cb8f to 0x000001e23cb8cc09
Event: 1.200 Thread 0x000001e22d7d13e0 Exception <a 'java/lang/NoClassDefFoundError'{0x00000000ff2d44d0}: org/slf4j/impl/StaticMarkerBinder> (0x00000000ff2d44d0) 
thrown [s\open\src\hotspot\share\classfile\systemDictionary.cpp, line 245]
Event: 1.246 Thread 0x000001e22d7d13e0 Exception <a 'java/lang/NoSuchMethodError'{0x00000000ff1fedd0}: 'java.lang.Object java.lang.invoke.Invokers$Holder.invoker(java.lang.Object, java.lang.Object, java.lang.Object)'> (0x00000000ff1fedd0) 
thrown [s\open\src\hotspot\share\interpreter\linkResolver.cpp, line 759]
Event: 1.248 Thread 0x000001e22d7d13e0 Exception <a 'java/lang/NoSuchMethodError'{0x00000000ff008428}: 'java.lang.Object java.lang.invoke.DirectMethodHandle$Holder.invokeStatic(java.lang.Object, java.lang.Object, int)'> (0x00000000ff008428) 
thrown [s\open\src\hotspot\share\interpreter\linkResolver.cpp, line 759]
Event: 1.250 Thread 0x000001e22d7d13e0 Exception <a 'java/lang/NoSuchMethodError'{0x00000000ff014118}: 'void java.lang.invoke.DelegatingMethodHandle$Holder.delegate(java.lang.Object, java.lang.Object, int, java.lang.Object)'> (0x00000000ff014118) 
thrown [s\open\src\hotspot\share\interpreter\linkResolver.cpp, line 759]
Event: 1.253 Thread 0x000001e22d7d13e0 Exception <a 'java/lang/NoSuchMethodError'{0x00000000ff027760}: 'java.lang.Object java.lang.invoke.Invokers$Holder.invokeExact_MT(java.lang.Object, java.lang.Object, java.lang.Object, java.lang.Object)'> (0x00000000ff027760) 
thrown [s\open\src\hotspot\share\interpreter\linkResolver.cpp, line 759]
Event: 1.259 Thread 0x000001e22d7d13e0 Exception <a 'java/lang/NoSuchMethodError'{0x00000000ff04a270}: 'java.lang.Object java.lang.invoke.DirectMethodHandle$Holder.invokeVirtual(java.lang.Object, java.lang.Object, java.lang.Object)'> (0x00000000ff04a270) 
thrown [s\open\src\hotspot\share\interpreter\linkResolver.cpp, line 759]
Event: 1.391 Thread 0x000001e22d7d13e0 Exception <a 'java/lang/NoSuchMethodError'{0x00000000fec7faf8}: 'java.lang.Object java.lang.invoke.DirectMethodHandle$Holder.newInvokeSpecial(java.lang.Object, java.lang.Object, java.lang.Object, java.lang.Object, java.lang.Object)'> (0x00000000fec7faf8) 
thrown [s\open\src\hotspot\share\interpreter\linkResolver.cpp, line 759]
Event: 1.422 Thread 0x000001e22d7d13e0 Exception <a 'java/lang/NoSuchMethodError'{0x00000000feba42a8}: 'void java.lang.invoke.DirectMethodHandle$Holder.invokeSpecial(java.lang.Object, java.lang.Object, java.lang.Object)'> (0x00000000feba42a8) 
thrown [s\open\src\hotspot\share\interpreter\linkResolver.cpp, line 759]
Event: 1.692 Thread 0x000001e22d7d13e0 Exception <a 'java/lang/NoSuchMethodError'{0x00000000fe543af0}: 'void java.lang.invoke.DirectMethodHandle$Holder.invokeStatic(java.lang.Object, java.lang.Object, java.lang.Object)'> (0x00000000fe543af0) 
thrown [s\open\src\hotspot\share\interpreter\linkResolver.cpp, line 759]
Event: 1.755 Thread 0x000001e22d7d13e0 Exception <a 'java/lang/NoSuchMethodError'{0x00000000fe3d47e8}: 'java.lang.Object java.lang.invoke.DirectMethodHandle$Holder.newInvokeSpecial(java.lang.Object, java.lang.Object, java.lang.Object, java.lang.Object, java.lang.Object, java.lang.Object, java.lang.Object, java.lang.Object, java.lang.Object, java.lang.Object, java.lang.Object, java.lang.Object, java.lang.Object, java.lang.Object, java.lang.Object, java.lang.Object, java.lang.Object, java.lang.Object, java.lang.Object, java.lang.Object, java.lang
Event: 1.755 Thread 0x000001e22d7d13e0 Exception <a 'java/lang/NoSuchMethodError'{0x00000000fe3e0df0}: 'java.lang.Object java.lang.invoke.Invokers$Holder.linkToTargetMethod(java.lang.Object, java.lang.Object, java.lang.Object, java.lang.Object, java.lang.Object, java.lang.Object, java.lang.Object, java.lang.Object, java.lang.Object, java.lang.Object, java.lang.Object, java.lang.Object, java.lang.Object, java.lang.Object, java.lang.Object, java.lang.Object, java.lang.Object, java.lang.Object, java.lang.Object, java.lang.Object, java.lang.Object,
Event: 1.818 Thread 0x000001e22d7d13e0 Exception <a 'java/lang/NoSuchMethodError'{0x00000000fe03c9d8}: 'java.lang.Object java.lang.invoke.DirectMethodHandle$Holder.invokeStaticInit(java.lang.Object, int, int, int, int)'> (0x00000000fe03c9d8) 
thrown [s\open\src\hotspot\share\interpreter\linkResolver.cpp, line 759]
Event: 2.059 Thread 0x000001e22d7d13e0 Exception <a 'java/lang/NoSuchMethodError'{0x00000000fdf11220}: 'java.lang.Object java.lang.invoke.DirectMethodHandle$Holder.invokeStaticInit(java.lang.Object, java.lang.Object, int, int, int, int)'> (0x00000000fdf11220) 
thrown [s\open\src\hotspot\share\interpreter\linkResolver.cpp, line 759]
Event: 2.317 Thread 0x000001e28d662fe0 Exception <a 'java/lang/NoSuchMethodError'{0x00000000ff893788}: 'void java.lang.invoke.DirectMethodHandle$Holder.invokeStatic(java.lang.Object, long)'> (0x00000000ff893788) 
thrown [s\open\src\hotspot\share\interpreter\linkResolver.cpp, line 759]
Event: 2.318 Thread 0x000001e28d662fe0 Exception <a 'java/lang/NoSuchMethodError'{0x00000000ff8990e0}: 'java.lang.Object java.lang.invoke.DirectMethodHandle$Holder.newInvokeSpecial(java.lang.Object, long)'> (0x00000000ff8990e0) 
thrown [s\open\src\hotspot\share\interpreter\linkResolver.cpp, line 759]
Event: 2.321 Thread 0x000001e28d662fe0 Exception <a 'java/lang/NoSuchMethodError'{0x00000000ff8a3d08}: 'java.lang.Object java.lang.invoke.DirectMethodHandle$Holder.invokeStaticInit(java.lang.Object, java.lang.Object, long, java.lang.Object)'> (0x00000000ff8a3d08) 
thrown [s\open\src\hotspot\share\interpreter\linkResolver.cpp, line 759]
Event: 2.322 Thread 0x000001e28d662fe0 Exception <a 'java/lang/NoSuchMethodError'{0x00000000ff8aa390}: 'java.lang.Object java.lang.invoke.DirectMethodHandle$Holder.newInvokeSpecial(java.lang.Object, java.lang.Object, long)'> (0x00000000ff8aa390) 
thrown [s\open\src\hotspot\share\interpreter\linkResolver.cpp, line 759]
Event: 2.322 Thread 0x000001e28d662fe0 Exception <a 'java/lang/NoSuchMethodError'{0x00000000ff8ae680}: 'java.lang.Object java.lang.invoke.Invokers$Holder.linkToTargetMethod(java.lang.Object, long, java.lang.Object)'> (0x00000000ff8ae680) 
thrown [s\open\src\hotspot\share\interpreter\linkResolver.cpp, line 759]

VM Operations (20 events):
Event: 101.467 Executing VM operation: Cleanup
Event: 101.467 Executing VM operation: Cleanup done
Event: 106.532 Executing VM operation: Cleanup
Event: 106.532 Executing VM operation: Cleanup done
Event: 120.319 Executing VM operation: HandshakeAllThreads
Event: 120.320 Executing VM operation: HandshakeAllThreads done
Event: 123.339 Executing VM operation: Cleanup
Event: 123.340 Executing VM operation: Cleanup done
Event: 130.405 Executing VM operation: Cleanup
Event: 130.405 Executing VM operation: Cleanup done
Event: 132.424 Executing VM operation: Cleanup
Event: 132.425 Executing VM operation: Cleanup done
Event: 139.490 Executing VM operation: Cleanup
Event: 139.490 Executing VM operation: Cleanup done
Event: 151.577 Executing VM operation: Cleanup
Event: 151.616 Executing VM operation: Cleanup done
Event: 171.782 Executing VM operation: Cleanup
Event: 172.007 Executing VM operation: Cleanup done
Event: 185.109 Executing VM operation: Cleanup
Event: 185.109 Executing VM operation: Cleanup done

Events (20 events):
Event: 5.913 loading class sun/nio/ch/SourceChannelImpl done
Event: 5.913 loading class sun/nio/ch/SinkChannelImpl
Event: 5.914 loading class java/nio/channels/Pipe$SinkChannel
Event: 5.914 loading class java/nio/channels/Pipe$SinkChannel done
Event: 5.914 loading class sun/nio/ch/SinkChannelImpl done
Event: 5.916 loading class sun/nio/ch/SelectionKeyImpl
Event: 5.916 loading class java/nio/channels/spi/AbstractSelectionKey
Event: 5.916 loading class java/nio/channels/SelectionKey
Event: 5.916 loading class java/nio/channels/SelectionKey done
Event: 5.916 loading class java/nio/channels/spi/AbstractSelectionKey done
Event: 5.916 loading class sun/nio/ch/SelectionKeyImpl done
Event: 5.917 loading class java/lang/invoke/ConstantBootstraps
Event: 5.917 loading class java/lang/invoke/ConstantBootstraps done
Event: 5.945 loading class java/nio/channels/spi/AbstractSelector$1
Event: 5.945 loading class java/nio/channels/spi/AbstractSelector$1 done
Event: 6.020 loading class java/util/concurrent/Executors$FinalizableDelegatedExecutorService
Event: 6.020 loading class java/util/concurrent/Executors$FinalizableDelegatedExecutorService done
Event: 6.125 Thread 0x000001e28877a720 Thread exited: 0x000001e28877a720
Event: 32.143 loading class java/util/ArrayList$ListItr
Event: 32.143 loading class java/util/ArrayList$ListItr done


Dynamic libraries:
0x00007ff716900000 - 0x00007ff716910000 	C:\Program Files\Java\jdk-17\bin\java.exe
0x00007ffddc280000 - 0x00007ffddc4e0000 	C:\WINDOWS\SYSTEM32\ntdll.dll
0x00007ffdda180000 - 0x00007ffdda247000 	C:\WINDOWS\System32\KERNEL32.DLL
0x00007ffdd9460000 - 0x00007ffdd982a000 	C:\WINDOWS\System32\KERNELBASE.dll
0x00007ffdd9cc0000 - 0x00007ffdd9e0b000 	C:\WINDOWS\System32\ucrtbase.dll
0x00007ffdc3570000 - 0x00007ffdc3589000 	C:\Program Files\Java\jdk-17\bin\jli.dll
0x00007ffdba380000 - 0x00007ffdba39b000 	C:\Program Files\Java\jdk-17\bin\VCRUNTIME140.dll
0x00007ffdda710000 - 0x00007ffdda7c2000 	C:\WINDOWS\System32\ADVAPI32.dll
0x00007ffddafd0000 - 0x00007ffddb079000 	C:\WINDOWS\System32\msvcrt.dll
0x00007ffdda5d0000 - 0x00007ffdda676000 	C:\WINDOWS\System32\sechost.dll
0x00007ffdda470000 - 0x00007ffdda586000 	C:\WINDOWS\System32\RPCRT4.dll
0x00007ffdda250000 - 0x00007ffdda41c000 	C:\WINDOWS\System32\USER32.dll
0x00007ffdd9b10000 - 0x00007ffdd9b37000 	C:\WINDOWS\System32\win32u.dll
0x00007ffdc9830000 - 0x00007ffdc9ac7000 	C:\WINDOWS\WinSxS\amd64_microsoft.windows.common-controls_6595b64144ccf1df_6.0.26100.3624_none_3e086962e3345f24\COMCTL32.dll
0x00007ffdda5a0000 - 0x00007ffdda5ca000 	C:\WINDOWS\System32\GDI32.dll
0x00007ffdd9f40000 - 0x00007ffdda071000 	C:\WINDOWS\System32\gdi32full.dll
0x00007ffdd98f0000 - 0x00007ffdd9993000 	C:\WINDOWS\System32\msvcp_win.dll
0x00007ffdd26a0000 - 0x00007ffdd26ab000 	C:\WINDOWS\SYSTEM32\VERSION.dll
0x00007ffdda420000 - 0x00007ffdda44f000 	C:\WINDOWS\System32\IMM32.DLL
0x00007ffdd09f0000 - 0x00007ffdd09fc000 	C:\Program Files\Java\jdk-17\bin\vcruntime140_1.dll
0x00007ffdb0010000 - 0x00007ffdb009e000 	C:\Program Files\Java\jdk-17\bin\msvcp140.dll
0x00007ffd6dbf0000 - 0x00007ffd6e7d0000 	C:\Program Files\Java\jdk-17\bin\server\jvm.dll
0x00007ffdda590000 - 0x00007ffdda598000 	C:\WINDOWS\System32\PSAPI.DLL
0x00007ffdd2660000 - 0x00007ffdd2696000 	C:\WINDOWS\SYSTEM32\WINMM.dll
0x00007ffd7cd30000 - 0x00007ffd7cd3a000 	C:\WINDOWS\SYSTEM32\WSOCK32.dll
0x00007ffddc1c0000 - 0x00007ffddc234000 	C:\WINDOWS\System32\WS2_32.dll
0x00007ffdd8270000 - 0x00007ffdd828a000 	C:\WINDOWS\SYSTEM32\kernel.appcore.dll
0x00007ffdb0290000 - 0x00007ffdb029a000 	C:\Program Files\Java\jdk-17\bin\jimage.dll
0x00007ffdcf680000 - 0x00007ffdcf8c1000 	C:\WINDOWS\SYSTEM32\DBGHELP.DLL
0x00007ffddbe30000 - 0x00007ffddc1b2000 	C:\WINDOWS\System32\combase.dll
0x00007ffddaef0000 - 0x00007ffddafc6000 	C:\WINDOWS\System32\OLEAUT32.dll
0x00007ffdaf8b0000 - 0x00007ffdaf8e9000 	C:\WINDOWS\SYSTEM32\dbgcore.DLL
0x00007ffdd9e10000 - 0x00007ffdd9ea9000 	C:\WINDOWS\System32\bcryptPrimitives.dll
0x00007ffdb0260000 - 0x00007ffdb0285000 	C:\Program Files\Java\jdk-17\bin\java.dll
0x00007ffdaff30000 - 0x00007ffdb0007000 	C:\Program Files\Java\jdk-17\bin\jsvml.dll
0x00007ffddb100000 - 0x00007ffddb829000 	C:\WINDOWS\System32\SHELL32.dll
0x00007ffdd99a0000 - 0x00007ffdd9b08000 	C:\WINDOWS\System32\wintypes.dll
0x00007ffdd7140000 - 0x00007ffdd7992000 	C:\WINDOWS\SYSTEM32\windows.storage.dll
0x00007ffdda080000 - 0x00007ffdda16d000 	C:\WINDOWS\System32\SHCORE.dll
0x00007ffddbdc0000 - 0x00007ffddbe24000 	C:\WINDOWS\System32\shlwapi.dll
0x00007ffdd9370000 - 0x00007ffdd939f000 	C:\WINDOWS\SYSTEM32\profapi.dll
0x00007ffdaa4a0000 - 0x00007ffdaa4b9000 	C:\Program Files\Java\jdk-17\bin\net.dll
0x00007ffdcf4a0000 - 0x00007ffdcf5bd000 	C:\WINDOWS\SYSTEM32\WINHTTP.dll
0x00007ffdd8790000 - 0x00007ffdd87fa000 	C:\WINDOWS\system32\mswsock.dll
0x00007ffda9cf0000 - 0x00007ffda9d06000 	C:\Program Files\Java\jdk-17\bin\nio.dll
0x00007ffda9b50000 - 0x00007ffda9b68000 	C:\Program Files\Java\jdk-17\bin\zip.dll
0x00007ffdb01e0000 - 0x00007ffdb01f0000 	C:\Program Files\Java\jdk-17\bin\verify.dll
0x00007ffdaf520000 - 0x00007ffdaf52a000 	C:\Program Files\Java\jdk-17\bin\management.dll
0x00007ffdaf260000 - 0x00007ffdaf26b000 	C:\Program Files\Java\jdk-17\bin\management_ext.dll
0x00007ffdd4440000 - 0x00007ffdd4467000 	C:\Users\User\.gradle\native\1def1411415f61bf3af743bc5b6707747c0891f09f0c88961ee8f79bc544acac\windows-amd64\native-platform.dll
0x00007ffdd4340000 - 0x00007ffdd434a000 	C:\Users\User\.gradle\native\jansi\1.18\windows64\jansi.dll
0x00007ffdd7ca0000 - 0x00007ffdd7cd3000 	C:\WINDOWS\SYSTEM32\IPHLPAPI.DLL
0x00007ffdda460000 - 0x00007ffdda46a000 	C:\WINDOWS\System32\NSI.dll
0x00007ffdcf430000 - 0x00007ffdcf44f000 	C:\WINDOWS\SYSTEM32\dhcpcsvc6.DLL
0x00007ffdcf0f0000 - 0x00007ffdcf115000 	C:\WINDOWS\SYSTEM32\dhcpcsvc.DLL
0x00007ffdd7d30000 - 0x00007ffdd7e55000 	C:\WINDOWS\SYSTEM32\DNSAPI.dll
0x00007ffdd8a30000 - 0x00007ffdd8a4c000 	C:\WINDOWS\SYSTEM32\CRYPTSP.dll
0x00007ffdd81d0000 - 0x00007ffdd820a000 	C:\WINDOWS\system32\rsaenh.dll
0x00007ffdd8830000 - 0x00007ffdd885b000 	C:\WINDOWS\SYSTEM32\USERENV.dll
0x00007ffdd9340000 - 0x00007ffdd9366000 	C:\WINDOWS\SYSTEM32\bcrypt.dll
0x00007ffdd8a50000 - 0x00007ffdd8a5c000 	C:\WINDOWS\SYSTEM32\CRYPTBASE.dll
0x00007ffdd09e0000 - 0x00007ffdd09ee000 	C:\Program Files\Java\jdk-17\bin\sunmscapi.dll
0x00007ffdd9b40000 - 0x00007ffdd9cb7000 	C:\WINDOWS\System32\CRYPT32.dll
0x00007ffdd8c30000 - 0x00007ffdd8c60000 	C:\WINDOWS\SYSTEM32\ncrypt.dll
0x00007ffdd8be0000 - 0x00007ffdd8c1f000 	C:\WINDOWS\SYSTEM32\NTASN1.dll
0x00007ffdb7630000 - 0x00007ffdb7638000 	C:\WINDOWS\system32\wshunix.dll

dbghelp: loaded successfully - version: 4.0.5 - missing functions: none
symbol engine: initialized successfully - sym options: 0x614 - pdb path: .;C:\Program Files\Java\jdk-17\bin;C:\WINDOWS\SYSTEM32;C:\WINDOWS\WinSxS\amd64_microsoft.windows.common-controls_6595b64144ccf1df_6.0.26100.3624_none_3e086962e3345f24;C:\Program Files\Java\jdk-17\bin\server;C:\Users\User\.gradle\native\1def1411415f61bf3af743bc5b6707747c0891f09f0c88961ee8f79bc544acac\windows-amd64;C:\Users\User\.gradle\native\jansi\1.18\windows64

VM Arguments:
jvm_args: -Xmx64m -Xms64m -Dorg.gradle.appname=gradlew 
java_command: org.gradle.wrapper.GradleWrapperMain app:installDebug -PreactNativeDevServerPort=8081
java_class_path (initial): C:\Users\User\BeliBerasProjects\android\\gradle\wrapper\gradle-wrapper.jar
Launcher Type: SUN_STANDARD

[Global flags]
     intx CICompilerCount                          = 4                                         {product} {ergonomic}
     uint ConcGCThreads                            = 2                                         {product} {ergonomic}
     uint G1ConcRefinementThreads                  = 8                                         {product} {ergonomic}
   size_t G1HeapRegionSize                         = 1048576                                   {product} {ergonomic}
    uintx GCDrainStackTargetSize                   = 64                                        {product} {ergonomic}
   size_t InitialHeapSize                          = 67108864                                  {product} {command line}
   size_t MarkStackSize                            = 4194304                                   {product} {ergonomic}
   size_t MaxHeapSize                              = 67108864                                  {product} {command line}
   size_t MaxNewSize                               = 39845888                                  {product} {ergonomic}
   size_t MinHeapDeltaBytes                        = 1048576                                   {product} {ergonomic}
   size_t MinHeapSize                              = 67108864                                  {product} {command line}
    uintx NonNMethodCodeHeapSize                   = 5839372                                {pd product} {ergonomic}
    uintx NonProfiledCodeHeapSize                  = 122909434                              {pd product} {ergonomic}
    uintx ProfiledCodeHeapSize                     = 122909434                              {pd product} {ergonomic}
    uintx ReservedCodeCacheSize                    = 251658240                              {pd product} {ergonomic}
     bool SegmentedCodeCache                       = true                                      {product} {ergonomic}
   size_t SoftMaxHeapSize                          = 67108864                               {manageable} {ergonomic}
     bool UseCompressedClassPointers               = true                           {product lp64_product} {ergonomic}
     bool UseCompressedOops                        = true                           {product lp64_product} {ergonomic}
     bool UseG1GC                                  = true                                      {product} {ergonomic}
     bool UseLargePagesIndividualAllocation        = false                                  {pd product} {ergonomic}

Logging:
Log output configuration:
 #0: stdout all=warning uptime,level,tags
 #1: stderr all=off uptime,level,tags

Environment Variables:
JAVA_HOME=C:\Program Files\Java\jdk-17
CLASSPATH=C:\Users\User\BeliBerasProjects\android\\gradle\wrapper\gradle-wrapper.jar
PATH=C:\Users\User\BeliBerasProjects\node_modules\.bin;C:\Users\User\node_modules\.bin;C:\Users\node_modules\.bin;C:\node_modules\.bin;C:\Users\User\AppData\Roaming\npm\node_modules\npm\node_modules\@npmcli\run-script\lib\node-gyp-bin;C:\Program Files\Eclipse Adoptium\jdk-17.0.14.7-hotspot\bin;C:\Program Files\Java\jdk-17.0.12\bin;C:\Program Files\Common Files\Oracle\Java\javapath;C:\WINDOWS\system32;C:\WINDOWS;C:\WINDOWS\System32\Wbem;C:\WINDOWS\System32\WindowsPowerShell\v1.0\;C:\WINDOWS\System32\OpenSSH\;C:\Program Files\Git\cmd;C:\Program Files\nodejs\;C:\Program Files (x86)\Microsoft SQL Server\160\Tools\Binn\;C:\Program Files\Microsoft SQL Server\160\Tools\Binn\;C:\Program Files\Microsoft SQL Server\Client SDK\ODBC\170\Tools\Binn\;C:\Program Files\Microsoft SQL Server\160\DTS\Binn\;C:\Program Files (x86)\Microsoft SQL Server\160\DTS\Binn\;C:\Users\User\AppData\Local\Android\Sdk\platform-tools;C:\Program Files\Java\jdk-17\bin;C:\ProgramData\chocolatey\bin;C:\Users\User\AppData\Local\Android\Sdk\tools;C:\Users\User\AppData\Local\Microsoft\WindowsApps;C:\Users\User\AppData\Local\Programs\Microsoft VS Code\bin;C:\Users\User\AppData\Roaming\npm;
USERNAME=User
OS=Windows_NT
PROCESSOR_IDENTIFIER=AMD64 Family 23 Model 24 Stepping 1, AuthenticAMD



---------------  S Y S T E M  ---------------

OS:
 Windows 11 , 64 bit Build 26100 (10.0.26100.3775)
OS uptime: 1 days 20:29 hours

CPU: total 8 (initial active 8) (8 cores per cpu, 2 threads per core) family 23 model 24 stepping 1 microcode 0x8108109, cx8, cmov, fxsr, ht, mmx, 3dnowpref, sse, sse2, sse3, ssse3, sse4a, sse4.1, sse4.2, popcnt, lzcnt, tsc, tscinvbit, avx, avx2, aes, clmul, bmi1, bmi2, adx, sha, fma, vzeroupper, clflush, clflushopt

Memory: 4k page, system-wide physical 3519M (152M free)
TotalPageFile size 14271M (AvailPageFile size 0M)
current process WorkingSet (physical memory assigned to process): 14M, peak: 112M
current process commit charge ("private bytes"): 167M, peak: 172M

vm_info: Java HotSpot(TM) 64-Bit Server VM (17.0.12+8-LTS-286) for windows-amd64 JRE (17.0.12+8-LTS-286), built on Jun  5 2024 06:46:59 by "mach5one" with MS VC++ 17.6 (VS2022)

END.
