#
# There is insufficient memory for the Java Runtime Environment to continue.
# Native memory allocation (malloc) failed to allocate 1048576 bytes for AllocateHeap
# Possible reasons:
#   The system is out of physical RAM or swap space
#   The process is running with CompressedOops enabled, and the Java Heap may be blocking the growth of the native heap
# Possible solutions:
#   Reduce memory load on the system
#   Increase physical memory or swap space
#   Check if swap backing store is full
#   Decrease Java heap size (-Xmx/-Xms)
#   Decrease number of Java threads
#   Decrease Java thread stack sizes (-Xss)
#   Set larger code cache with -XX:ReservedCodeCacheSize=
#   JVM is running with Unscaled Compressed Oops mode in which the Java heap is
#     placed in the first 4GB address space. The Java Heap base address is the
#     maximum limit for the native heap growth. Please use -XX:HeapBaseMinAddress
#     to set the Java Heap base and to place the Java Heap above 4GB virtual address.
# This output file may be truncated or incomplete.
#
#  Out of Memory Error (allocation.cpp:44), pid=5664, tid=11936
#
# JRE version:  (17.0.12+8) (build )
# Java VM: Java HotSpot(TM) 64-Bit Server VM (17.0.12+8-LTS-286, mixed mode, sharing, tiered, compressed oops, compressed class ptrs, g1 gc, windows-amd64)
# No core dump will be written. Minidumps are not enabled by default on client versions of Windows
#

---------------  S U M M A R Y ------------

Command Line: -Xmx64m -Xms64m -Dorg.gradle.appname=gradlew org.gradle.wrapper.GradleWrapperMain app:installDebug -PreactNativeDevServerPort=8081

Host: AMD Ryzen 5 3500U with Radeon Vega Mobile Gfx  , 8 cores, 3G,  Windows 11 , 64 bit Build 26100 (10.0.26100.3775)
Time: Sun Apr 27 17:00:40 2025 China Standard Time elapsed time: 1.053622 seconds (0d 0h 0m 1s)

---------------  T H R E A D  ---------------

Current thread (0x0000028f04a56160):  JavaThread "Unknown thread" [_thread_in_vm, id=11936, stack(0x000000aa9e700000,0x000000aa9e800000)]

Stack: [0x000000aa9e700000,0x000000aa9e800000]
Native frames: (J=compiled Java code, j=interpreted, Vv=VM code, C=native code)
V  [jvm.dll+0x67a04a]
V  [jvm.dll+0x7da4ed]
V  [jvm.dll+0x7dbe33]
V  [jvm.dll+0x7dc4a3]
V  [jvm.dll+0x24508f]
V  [jvm.dll+0xa5e2b]
V  [jvm.dll+0x2d4e37]
V  [jvm.dll+0x7ac9ec]
V  [jvm.dll+0x367591]
V  [jvm.dll+0x78b999]
V  [jvm.dll+0x3ec83f]
V  [jvm.dll+0x3ee471]
C  [jli.dll+0x5297]
C  [ucrtbase.dll+0x37b0]
C  [KERNEL32.DLL+0x2e8d7]
C  [ntdll.dll+0xb14fc]


---------------  P R O C E S S  ---------------

Threads class SMR info:
_java_thread_list=0x00007ff9d5a47a18, length=0, elements={
}

Java Threads: ( => current thread )

Other Threads:

=>0x0000028f04a56160 (exited) JavaThread "Unknown thread" [_thread_in_vm, id=11936, stack(0x000000aa9e700000,0x000000aa9e800000)]

Threads with active compile tasks:

VM state: not at safepoint (not fully initialized)

VM Mutex/Monitor currently owned by a thread: None

Heap address: 0x0000000000000000, size: 0 MB, Compressed Oops mode: 32-bit

CDS archive(s) mapped at: [0x0000000000000000-0x0000000000000000-0x0000000000000000), size 0, SharedBaseAddress: 0x0000000800000000, ArchiveRelocationMode: 1.
Narrow klass base: 0x0000000000000000, Narrow klass shift: 0, Narrow klass range: 0x0

GC Precious Log:
<Empty>

GC Heap History (0 events):
No events

Deoptimization events (0 events):
No events

Classes unloaded (0 events):
No events

Classes redefined (0 events):
No events

Internal exceptions (0 events):
No events

VM Operations (0 events):
No events

Events (1 events):
Event: 0.025 Loaded shared library C:\Program Files\Java\jdk-17\bin\java.dll


Dynamic libraries:
0x00007ff612260000 - 0x00007ff612270000 	C:\Program Files\Java\jdk-17\bin\java.exe
0x00007ffa36740000 - 0x00007ffa369a0000 	C:\WINDOWS\SYSTEM32\ntdll.dll
0x00007ffa34a00000 - 0x00007ffa34ac7000 	C:\WINDOWS\System32\KERNEL32.DLL
0x00007ffa33e90000 - 0x00007ffa3425a000 	C:\WINDOWS\System32\KERNELBASE.dll
0x00007ffa33d40000 - 0x00007ffa33e8b000 	C:\WINDOWS\System32\ucrtbase.dll
0x00007ffa1ddc0000 - 0x00007ffa1dddb000 	C:\Program Files\Java\jdk-17\bin\VCRUNTIME140.dll
0x00007ffa26640000 - 0x00007ffa26659000 	C:\Program Files\Java\jdk-17\bin\jli.dll
0x00007ffa35fe0000 - 0x00007ffa36092000 	C:\WINDOWS\System32\ADVAPI32.dll
0x00007ffa34cb0000 - 0x00007ffa34d59000 	C:\WINDOWS\System32\msvcrt.dll
0x00007ffa35450000 - 0x00007ffa354f6000 	C:\WINDOWS\System32\sechost.dll
0x00007ffa351a0000 - 0x00007ffa352b6000 	C:\WINDOWS\System32\RPCRT4.dll
0x00007ffa35500000 - 0x00007ffa356cc000 	C:\WINDOWS\System32\USER32.dll
0x00007ffa220d0000 - 0x00007ffa22367000 	C:\WINDOWS\WinSxS\amd64_microsoft.windows.common-controls_6595b64144ccf1df_6.0.26100.3624_none_3e086962e3345f24\COMCTL32.dll
0x00007ffa34510000 - 0x00007ffa34537000 	C:\WINDOWS\System32\win32u.dll
0x00007ffa34f60000 - 0x00007ffa34f8a000 	C:\WINDOWS\System32\GDI32.dll
0x00007ffa34260000 - 0x00007ffa34391000 	C:\WINDOWS\System32\gdi32full.dll
0x00007ffa33c90000 - 0x00007ffa33d33000 	C:\WINDOWS\System32\msvcp_win.dll
0x00007ffa2ce90000 - 0x00007ffa2ce9b000 	C:\WINDOWS\SYSTEM32\VERSION.dll
0x00007ffa34e90000 - 0x00007ffa34ebf000 	C:\WINDOWS\System32\IMM32.DLL
0x00007ffa266d0000 - 0x00007ffa266dc000 	C:\Program Files\Java\jdk-17\bin\vcruntime140_1.dll
0x00007ff9f67d0000 - 0x00007ff9f685e000 	C:\Program Files\Java\jdk-17\bin\msvcp140.dll
0x00007ff9d4f90000 - 0x00007ff9d5b70000 	C:\Program Files\Java\jdk-17\bin\server\jvm.dll
0x00007ffa34540000 - 0x00007ffa34548000 	C:\WINDOWS\System32\PSAPI.DLL
0x00007ffa2ce50000 - 0x00007ffa2ce86000 	C:\WINDOWS\SYSTEM32\WINMM.dll
0x00007ffa2d780000 - 0x00007ffa2d78a000 	C:\WINDOWS\SYSTEM32\WSOCK32.dll
0x00007ffa36680000 - 0x00007ffa366f4000 	C:\WINDOWS\System32\WS2_32.dll
0x00007ffa32730000 - 0x00007ffa3274a000 	C:\WINDOWS\SYSTEM32\kernel.appcore.dll
0x00007ffa1f6b0000 - 0x00007ffa1f6ba000 	C:\Program Files\Java\jdk-17\bin\jimage.dll
0x00007ffa29fd0000 - 0x00007ffa2a211000 	C:\WINDOWS\SYSTEM32\DBGHELP.DLL
0x00007ffa362f0000 - 0x00007ffa36672000 	C:\WINDOWS\System32\combase.dll
0x00007ffa35310000 - 0x00007ffa353e6000 	C:\WINDOWS\System32\OLEAUT32.dll
0x00007ffa11ae0000 - 0x00007ffa11b19000 	C:\WINDOWS\SYSTEM32\dbgcore.DLL
0x00007ffa33920000 - 0x00007ffa339b9000 	C:\WINDOWS\System32\bcryptPrimitives.dll
0x00007ffa196a0000 - 0x00007ffa196c5000 	C:\Program Files\Java\jdk-17\bin\java.dll

dbghelp: loaded successfully - version: 4.0.5 - missing functions: none
symbol engine: initialized successfully - sym options: 0x614 - pdb path: .;C:\Program Files\Java\jdk-17\bin;C:\WINDOWS\SYSTEM32;C:\WINDOWS\WinSxS\amd64_microsoft.windows.common-controls_6595b64144ccf1df_6.0.26100.3624_none_3e086962e3345f24;C:\Program Files\Java\jdk-17\bin\server

VM Arguments:
jvm_args: -Xmx64m -Xms64m -Dorg.gradle.appname=gradlew 
java_command: org.gradle.wrapper.GradleWrapperMain app:installDebug -PreactNativeDevServerPort=8081
java_class_path (initial): C:\Users\User\BeliBerasProjects\android\\gradle\wrapper\gradle-wrapper.jar
Launcher Type: SUN_STANDARD

[Global flags]
     intx CICompilerCount                          = 4                                         {product} {ergonomic}
     uint ConcGCThreads                            = 2                                         {product} {ergonomic}
     uint G1ConcRefinementThreads                  = 8                                         {product} {ergonomic}
   size_t G1HeapRegionSize                         = 1048576                                   {product} {ergonomic}
    uintx GCDrainStackTargetSize                   = 64                                        {product} {ergonomic}
   size_t InitialHeapSize                          = 67108864                                  {product} {command line}
   size_t MarkStackSize                            = 4194304                                   {product} {ergonomic}
   size_t MaxHeapSize                              = 67108864                                  {product} {command line}
   size_t MinHeapDeltaBytes                        = 1048576                                   {product} {ergonomic}
   size_t MinHeapSize                              = 67108864                                  {product} {command line}
    uintx NonNMethodCodeHeapSize                   = 5839372                                {pd product} {ergonomic}
    uintx NonProfiledCodeHeapSize                  = 122909434                              {pd product} {ergonomic}
    uintx ProfiledCodeHeapSize                     = 122909434                              {pd product} {ergonomic}
    uintx ReservedCodeCacheSize                    = 251658240                              {pd product} {ergonomic}
     bool SegmentedCodeCache                       = true                                      {product} {ergonomic}
   size_t SoftMaxHeapSize                          = 67108864                               {manageable} {ergonomic}
     bool UseCompressedClassPointers               = true                           {product lp64_product} {ergonomic}
     bool UseCompressedOops                        = true                           {product lp64_product} {ergonomic}
     bool UseG1GC                                  = true                                      {product} {ergonomic}
     bool UseLargePagesIndividualAllocation        = false                                  {pd product} {ergonomic}

Logging:
Log output configuration:
 #0: stdout all=warning uptime,level,tags
 #1: stderr all=off uptime,level,tags

Environment Variables:
JAVA_HOME=C:\Program Files\Java\jdk-17
CLASSPATH=C:\Users\User\BeliBerasProjects\android\\gradle\wrapper\gradle-wrapper.jar
PATH=C:\Users\User\BeliBerasProjects\node_modules\.bin;C:\Users\User\node_modules\.bin;C:\Users\node_modules\.bin;C:\node_modules\.bin;C:\Users\User\AppData\Roaming\npm\node_modules\npm\node_modules\@npmcli\run-script\lib\node-gyp-bin;C:\Program Files\Eclipse Adoptium\jdk-17.0.14.7-hotspot\bin;C:\Program Files\Java\jdk-17.0.12\bin;C:\Program Files\Common Files\Oracle\Java\javapath;C:\WINDOWS\system32;C:\WINDOWS;C:\WINDOWS\System32\Wbem;C:\WINDOWS\System32\WindowsPowerShell\v1.0\;C:\WINDOWS\System32\OpenSSH\;C:\Program Files\Git\cmd;C:\Program Files\nodejs\;C:\Program Files (x86)\Microsoft SQL Server\160\Tools\Binn\;C:\Program Files\Microsoft SQL Server\160\Tools\Binn\;C:\Program Files\Microsoft SQL Server\Client SDK\ODBC\170\Tools\Binn\;C:\Program Files\Microsoft SQL Server\160\DTS\Binn\;C:\Program Files (x86)\Microsoft SQL Server\160\DTS\Binn\;C:\Users\User\AppData\Local\Android\Sdk\platform-tools;C:\Program Files\Java\jdk-17\bin;C:\ProgramData\chocolatey\bin;C:\Users\User\AppData\Local\Android\Sdk\tools;C:\Users\User\AppData\Local\Microsoft\WindowsApps;C:\Users\User\AppData\Local\Programs\Microsoft VS Code\bin;C:\Users\User\AppData\Roaming\npm;
USERNAME=User
OS=Windows_NT
PROCESSOR_IDENTIFIER=AMD64 Family 23 Model 24 Stepping 1, AuthenticAMD



---------------  S Y S T E M  ---------------

OS:
 Windows 11 , 64 bit Build 26100 (10.0.26100.3775)
OS uptime: 4 days 5:58 hours

CPU: total 8 (initial active 8) (8 cores per cpu, 2 threads per core) family 23 model 24 stepping 1 microcode 0x8108109, cx8, cmov, fxsr, ht, mmx, 3dnowpref, sse, sse2, sse3, ssse3, sse4a, sse4.1, sse4.2, popcnt, lzcnt, tsc, tscinvbit, avx, avx2, aes, clmul, bmi1, bmi2, adx, sha, fma, vzeroupper, clflush, clflushopt

Memory: 4k page, system-wide physical 3519M (227M free)
TotalPageFile size 14271M (AvailPageFile size 5M)
current process WorkingSet (physical memory assigned to process): 11M, peak: 11M
current process commit charge ("private bytes"): 11M, peak: 12M

vm_info: Java HotSpot(TM) 64-Bit Server VM (17.0.12+8-LTS-286) for windows-amd64 JRE (17.0.12+8-LTS-286), built on Jun  5 2024 06:46:59 by "mach5one" with MS VC++ 17.6 (VS2022)

END.
