#
# There is insufficient memory for the Java Runtime Environment to continue.
# Native memory allocation (malloc) failed to allocate 174256 bytes for Chunk::new
# Possible reasons:
#   The system is out of physical RAM or swap space
#   The process is running with CompressedOops enabled, and the Java Heap may be blocking the growth of the native heap
# Possible solutions:
#   Reduce memory load on the system
#   Increase physical memory or swap space
#   Check if swap backing store is full
#   Decrease Java heap size (-Xmx/-Xms)
#   Decrease number of Java threads
#   Decrease Java thread stack sizes (-Xss)
#   Set larger code cache with -XX:ReservedCodeCacheSize=
#   JVM is running with Unscaled Compressed Oops mode in which the Java heap is
#     placed in the first 4GB address space. The Java Heap base address is the
#     maximum limit for the native heap growth. Please use -XX:HeapBaseMinAddress
#     to set the Java Heap base and to place the Java Heap above 4GB virtual address.
# This output file may be truncated or incomplete.
#
#  Out of Memory Error (arena.cpp:189), pid=1104, tid=15316
#
# JRE version: Java(TM) SE Runtime Environment (17.0.12+8) (build 17.0.12+8-LTS-286)
# Java VM: Java HotSpot(TM) 64-Bit Server VM (17.0.12+8-LTS-286, mixed mode, sharing, tiered, compressed oops, compressed class ptrs, g1 gc, windows-amd64)
# No core dump will be written. Minidumps are not enabled by default on client versions of Windows
#

---------------  S U M M A R Y ------------

Command Line: -Xmx64m -Xms64m -Dorg.gradle.appname=gradlew org.gradle.wrapper.GradleWrapperMain app:installDebug -PreactNativeDevServerPort=8081

Host: AMD Ryzen 5 3500U with Radeon Vega Mobile Gfx  , 8 cores, 3G,  Windows 11 , 64 bit Build 26100 (10.0.26100.3775)
Time: Sun Apr 27 17:01:42 2025 China Standard Time elapsed time: 7.457904 seconds (0d 0h 0m 7s)

---------------  T H R E A D  ---------------

Current thread (0x00000222f9d4f190):  JavaThread "C2 CompilerThread0" daemon [_thread_in_native, id=15316, stack(0x000000a067200000,0x000000a067300000)]


Current CompileTask:
C2:   7458  516       4       java.io.File::hashCode (8 bytes)

Stack: [0x000000a067200000,0x000000a067300000]
Native frames: (J=compiled Java code, j=interpreted, Vv=VM code, C=native code)
V  [jvm.dll+0x67a04a]
V  [jvm.dll+0x7da4ed]
V  [jvm.dll+0x7dbe33]
V  [jvm.dll+0x7dc4a3]
V  [jvm.dll+0x24508f]
V  [jvm.dll+0xab773]
V  [jvm.dll+0xabd3c]
V  [jvm.dll+0x361bee]
V  [jvm.dll+0x32c431]
V  [jvm.dll+0x32b8ca]
V  [jvm.dll+0x21683f]
V  [jvm.dll+0x215c6f]
V  [jvm.dll+0x1a2960]
V  [jvm.dll+0x22610b]
V  [jvm.dll+0x2242ab]
V  [jvm.dll+0x79075c]
V  [jvm.dll+0x78abea]
V  [jvm.dll+0x678f35]
C  [ucrtbase.dll+0x37b0]
C  [KERNEL32.DLL+0x2e8d7]
C  [ntdll.dll+0xb14fc]


---------------  P R O C E S S  ---------------

Threads class SMR info:
_java_thread_list=0x00000222fe069f20, length=12, elements={
0x00000222de509fa0, 0x00000222dfe531f0, 0x00000222dfe54f30, 0x00000222dfe6dbf0,
0x00000222dfe6e9b0, 0x00000222f9d3fec0, 0x00000222f9d413f0, 0x00000222f9d4f190,
0x00000222f9d51c50, 0x00000222f9d535d0, 0x00000222fe08f240, 0x00000222fe09c940
}

Java Threads: ( => current thread )
  0x00000222de509fa0 JavaThread "main" [_thread_in_native, id=8004, stack(0x000000a066500000,0x000000a066600000)]
  0x00000222dfe531f0 JavaThread "Reference Handler" daemon [_thread_blocked, id=11056, stack(0x000000a066c00000,0x000000a066d00000)]
  0x00000222dfe54f30 JavaThread "Finalizer" daemon [_thread_blocked, id=10772, stack(0x000000a066d00000,0x000000a066e00000)]
  0x00000222dfe6dbf0 JavaThread "Signal Dispatcher" daemon [_thread_blocked, id=12080, stack(0x000000a066e00000,0x000000a066f00000)]
  0x00000222dfe6e9b0 JavaThread "Attach Listener" daemon [_thread_blocked, id=10008, stack(0x000000a066f00000,0x000000a067000000)]
  0x00000222f9d3fec0 JavaThread "Service Thread" daemon [_thread_blocked, id=5912, stack(0x000000a067000000,0x000000a067100000)]
  0x00000222f9d413f0 JavaThread "Monitor Deflation Thread" daemon [_thread_blocked, id=4492, stack(0x000000a067100000,0x000000a067200000)]
=>0x00000222f9d4f190 JavaThread "C2 CompilerThread0" daemon [_thread_in_native, id=15316, stack(0x000000a067200000,0x000000a067300000)]
  0x00000222f9d51c50 JavaThread "C1 CompilerThread0" daemon [_thread_in_native, id=11612, stack(0x000000a067300000,0x000000a067400000)]
  0x00000222f9d535d0 JavaThread "Sweeper thread" daemon [_thread_blocked, id=5392, stack(0x000000a067400000,0x000000a067500000)]
  0x00000222fe08f240 JavaThread "Notification Thread" daemon [_thread_blocked, id=2696, stack(0x000000a067500000,0x000000a067600000)]
  0x00000222fe09c940 JavaThread "Common-Cleaner" daemon [_thread_blocked, id=9288, stack(0x000000a067700000,0x000000a067800000)]

Other Threads:
  0x00000222dfe4bbc0 VMThread "VM Thread" [stack: 0x000000a066b00000,0x000000a066c00000] [id=10876]
  0x00000222dfdd0a60 WatcherThread [stack: 0x000000a067600000,0x000000a067700000] [id=6452]
  0x00000222dfdc1020 GCTaskThread "GC Thread#0" [stack: 0x000000a066600000,0x000000a066700000] [id=14076]
  0x00000222dfdc4bf0 ConcurrentGCThread "G1 Main Marker" [stack: 0x000000a066700000,0x000000a066800000] [id=13744]
  0x00000222dfdc6610 ConcurrentGCThread "G1 Conc#0" [stack: 0x000000a066800000,0x000000a066900000] [id=4300]
  0x00000222dfe2eac0 ConcurrentGCThread "G1 Refine#0" [stack: 0x000000a066900000,0x000000a066a00000] [id=10260]
  0x00000222dfe313b0 ConcurrentGCThread "G1 Service" [stack: 0x000000a066a00000,0x000000a066b00000] [id=7908]

Threads with active compile tasks:
C2 CompilerThread0    10523  516       4       java.io.File::hashCode (8 bytes)
C1 CompilerThread0    10523  604       3       java.util.zip.ZipFile::getZipEntry (322 bytes)

VM state: not at safepoint (normal execution)

VM Mutex/Monitor currently owned by a thread: None

Heap address: 0x00000000fc000000, size: 64 MB, Compressed Oops mode: 32-bit

CDS archive(s) mapped at: [0x0000022280000000-0x0000022280bd0000-0x0000022280bd0000), size 12386304, SharedBaseAddress: 0x0000022280000000, ArchiveRelocationMode: 1.
Compressed class space mapped at: 0x0000022281000000-0x00000222c1000000, reserved size: 1073741824
Narrow klass base: 0x0000022280000000, Narrow klass shift: 0, Narrow klass range: 0x100000000

GC Precious Log:
 CPUs: 8 total, 8 available
 Memory: 3519M
 Large Page Support: Disabled
 NUMA Support: Disabled
 Compressed Oops: Enabled (32-bit)
 Heap Region Size: 1M
 Heap Min Capacity: 64M
 Heap Initial Capacity: 64M
 Heap Max Capacity: 64M
 Pre-touch: Disabled
 Parallel Workers: 8
 Concurrent Workers: 2
 Concurrent Refinement Workers: 8
 Periodic GC: Disabled

Heap:
 garbage-first heap   total 65536K, used 21504K [0x00000000fc000000, 0x0000000100000000)
  region size 1024K, 23 young (23552K), 0 survivors (0K)
 Metaspace       used 1805K, committed 1920K, reserved 1114112K
  class space    used 160K, committed 192K, reserved 1048576K

Heap Regions: E=young(eden), S=young(survivor), O=old, HS=humongous(starts), HC=humongous(continues), CS=collection set, F=free, OA=open archive, CA=closed archive, TAMS=top-at-mark-start (previous, next)
|   0|0x00000000fc000000, 0x00000000fc000000, 0x00000000fc100000|  0%| F|  |TAMS 0x00000000fc000000, 0x00000000fc000000| Untracked 
|   1|0x00000000fc100000, 0x00000000fc100000, 0x00000000fc200000|  0%| F|  |TAMS 0x00000000fc100000, 0x00000000fc100000| Untracked 
|   2|0x00000000fc200000, 0x00000000fc200000, 0x00000000fc300000|  0%| F|  |TAMS 0x00000000fc200000, 0x00000000fc200000| Untracked 
|   3|0x00000000fc300000, 0x00000000fc300000, 0x00000000fc400000|  0%| F|  |TAMS 0x00000000fc300000, 0x00000000fc300000| Untracked 
|   4|0x00000000fc400000, 0x00000000fc400000, 0x00000000fc500000|  0%| F|  |TAMS 0x00000000fc400000, 0x00000000fc400000| Untracked 
|   5|0x00000000fc500000, 0x00000000fc500000, 0x00000000fc600000|  0%| F|  |TAMS 0x00000000fc500000, 0x00000000fc500000| Untracked 
|   6|0x00000000fc600000, 0x00000000fc600000, 0x00000000fc700000|  0%| F|  |TAMS 0x00000000fc600000, 0x00000000fc600000| Untracked 
|   7|0x00000000fc700000, 0x00000000fc700000, 0x00000000fc800000|  0%| F|  |TAMS 0x00000000fc700000, 0x00000000fc700000| Untracked 
|   8|0x00000000fc800000, 0x00000000fc800000, 0x00000000fc900000|  0%| F|  |TAMS 0x00000000fc800000, 0x00000000fc800000| Untracked 
|   9|0x00000000fc900000, 0x00000000fc900000, 0x00000000fca00000|  0%| F|  |TAMS 0x00000000fc900000, 0x00000000fc900000| Untracked 
|  10|0x00000000fca00000, 0x00000000fca00000, 0x00000000fcb00000|  0%| F|  |TAMS 0x00000000fca00000, 0x00000000fca00000| Untracked 
|  11|0x00000000fcb00000, 0x00000000fcb00000, 0x00000000fcc00000|  0%| F|  |TAMS 0x00000000fcb00000, 0x00000000fcb00000| Untracked 
|  12|0x00000000fcc00000, 0x00000000fcc00000, 0x00000000fcd00000|  0%| F|  |TAMS 0x00000000fcc00000, 0x00000000fcc00000| Untracked 
|  13|0x00000000fcd00000, 0x00000000fcd00000, 0x00000000fce00000|  0%| F|  |TAMS 0x00000000fcd00000, 0x00000000fcd00000| Untracked 
|  14|0x00000000fce00000, 0x00000000fce00000, 0x00000000fcf00000|  0%| F|  |TAMS 0x00000000fce00000, 0x00000000fce00000| Untracked 
|  15|0x00000000fcf00000, 0x00000000fcf00000, 0x00000000fd000000|  0%| F|  |TAMS 0x00000000fcf00000, 0x00000000fcf00000| Untracked 
|  16|0x00000000fd000000, 0x00000000fd000000, 0x00000000fd100000|  0%| F|  |TAMS 0x00000000fd000000, 0x00000000fd000000| Untracked 
|  17|0x00000000fd100000, 0x00000000fd100000, 0x00000000fd200000|  0%| F|  |TAMS 0x00000000fd100000, 0x00000000fd100000| Untracked 
|  18|0x00000000fd200000, 0x00000000fd200000, 0x00000000fd300000|  0%| F|  |TAMS 0x00000000fd200000, 0x00000000fd200000| Untracked 
|  19|0x00000000fd300000, 0x00000000fd300000, 0x00000000fd400000|  0%| F|  |TAMS 0x00000000fd300000, 0x00000000fd300000| Untracked 
|  20|0x00000000fd400000, 0x00000000fd400000, 0x00000000fd500000|  0%| F|  |TAMS 0x00000000fd400000, 0x00000000fd400000| Untracked 
|  21|0x00000000fd500000, 0x00000000fd500000, 0x00000000fd600000|  0%| F|  |TAMS 0x00000000fd500000, 0x00000000fd500000| Untracked 
|  22|0x00000000fd600000, 0x00000000fd600000, 0x00000000fd700000|  0%| F|  |TAMS 0x00000000fd600000, 0x00000000fd600000| Untracked 
|  23|0x00000000fd700000, 0x00000000fd700000, 0x00000000fd800000|  0%| F|  |TAMS 0x00000000fd700000, 0x00000000fd700000| Untracked 
|  24|0x00000000fd800000, 0x00000000fd800000, 0x00000000fd900000|  0%| F|  |TAMS 0x00000000fd800000, 0x00000000fd800000| Untracked 
|  25|0x00000000fd900000, 0x00000000fd900000, 0x00000000fda00000|  0%| F|  |TAMS 0x00000000fd900000, 0x00000000fd900000| Untracked 
|  26|0x00000000fda00000, 0x00000000fda00000, 0x00000000fdb00000|  0%| F|  |TAMS 0x00000000fda00000, 0x00000000fda00000| Untracked 
|  27|0x00000000fdb00000, 0x00000000fdb00000, 0x00000000fdc00000|  0%| F|  |TAMS 0x00000000fdb00000, 0x00000000fdb00000| Untracked 
|  28|0x00000000fdc00000, 0x00000000fdc00000, 0x00000000fdd00000|  0%| F|  |TAMS 0x00000000fdc00000, 0x00000000fdc00000| Untracked 
|  29|0x00000000fdd00000, 0x00000000fdd00000, 0x00000000fde00000|  0%| F|  |TAMS 0x00000000fdd00000, 0x00000000fdd00000| Untracked 
|  30|0x00000000fde00000, 0x00000000fde00000, 0x00000000fdf00000|  0%| F|  |TAMS 0x00000000fde00000, 0x00000000fde00000| Untracked 
|  31|0x00000000fdf00000, 0x00000000fdf00000, 0x00000000fe000000|  0%| F|  |TAMS 0x00000000fdf00000, 0x00000000fdf00000| Untracked 
|  32|0x00000000fe000000, 0x00000000fe000000, 0x00000000fe100000|  0%| F|  |TAMS 0x00000000fe000000, 0x00000000fe000000| Untracked 
|  33|0x00000000fe100000, 0x00000000fe100000, 0x00000000fe200000|  0%| F|  |TAMS 0x00000000fe100000, 0x00000000fe100000| Untracked 
|  34|0x00000000fe200000, 0x00000000fe200000, 0x00000000fe300000|  0%| F|  |TAMS 0x00000000fe200000, 0x00000000fe200000| Untracked 
|  35|0x00000000fe300000, 0x00000000fe300000, 0x00000000fe400000|  0%| F|  |TAMS 0x00000000fe300000, 0x00000000fe300000| Untracked 
|  36|0x00000000fe400000, 0x00000000fe400000, 0x00000000fe500000|  0%| F|  |TAMS 0x00000000fe400000, 0x00000000fe400000| Untracked 
|  37|0x00000000fe500000, 0x00000000fe500000, 0x00000000fe600000|  0%| F|  |TAMS 0x00000000fe500000, 0x00000000fe500000| Untracked 
|  38|0x00000000fe600000, 0x00000000fe600000, 0x00000000fe700000|  0%| F|  |TAMS 0x00000000fe600000, 0x00000000fe600000| Untracked 
|  39|0x00000000fe700000, 0x00000000fe700000, 0x00000000fe800000|  0%| F|  |TAMS 0x00000000fe700000, 0x00000000fe700000| Untracked 
|  40|0x00000000fe800000, 0x00000000fe800000, 0x00000000fe900000|  0%| F|  |TAMS 0x00000000fe800000, 0x00000000fe800000| Untracked 
|  41|0x00000000fe900000, 0x00000000fea00000, 0x00000000fea00000|100%| E|  |TAMS 0x00000000fe900000, 0x00000000fe900000| Complete 
|  42|0x00000000fea00000, 0x00000000feb00000, 0x00000000feb00000|100%| E|CS|TAMS 0x00000000fea00000, 0x00000000fea00000| Complete 
|  43|0x00000000feb00000, 0x00000000fec00000, 0x00000000fec00000|100%| E|CS|TAMS 0x00000000feb00000, 0x00000000feb00000| Complete 
|  44|0x00000000fec00000, 0x00000000fed00000, 0x00000000fed00000|100%| E|CS|TAMS 0x00000000fec00000, 0x00000000fec00000| Complete 
|  45|0x00000000fed00000, 0x00000000fee00000, 0x00000000fee00000|100%| E|CS|TAMS 0x00000000fed00000, 0x00000000fed00000| Complete 
|  46|0x00000000fee00000, 0x00000000fef00000, 0x00000000fef00000|100%| E|CS|TAMS 0x00000000fee00000, 0x00000000fee00000| Complete 
|  47|0x00000000fef00000, 0x00000000ff000000, 0x00000000ff000000|100%| E|CS|TAMS 0x00000000fef00000, 0x00000000fef00000| Complete 
|  48|0x00000000ff000000, 0x00000000ff100000, 0x00000000ff100000|100%| E|CS|TAMS 0x00000000ff000000, 0x00000000ff000000| Complete 
|  49|0x00000000ff100000, 0x00000000ff200000, 0x00000000ff200000|100%| E|CS|TAMS 0x00000000ff100000, 0x00000000ff100000| Complete 
|  50|0x00000000ff200000, 0x00000000ff300000, 0x00000000ff300000|100%| E|CS|TAMS 0x00000000ff200000, 0x00000000ff200000| Complete 
|  51|0x00000000ff300000, 0x00000000ff400000, 0x00000000ff400000|100%| E|CS|TAMS 0x00000000ff300000, 0x00000000ff300000| Complete 
|  52|0x00000000ff400000, 0x00000000ff500000, 0x00000000ff500000|100%| E|CS|TAMS 0x00000000ff400000, 0x00000000ff400000| Complete 
|  53|0x00000000ff500000, 0x00000000ff600000, 0x00000000ff600000|100%| E|CS|TAMS 0x00000000ff500000, 0x00000000ff500000| Complete 
|  54|0x00000000ff600000, 0x00000000ff700000, 0x00000000ff700000|100%| E|CS|TAMS 0x00000000ff600000, 0x00000000ff600000| Complete 
|  55|0x00000000ff700000, 0x00000000ff800000, 0x00000000ff800000|100%| E|  |TAMS 0x00000000ff700000, 0x00000000ff700000| Complete 
|  56|0x00000000ff800000, 0x00000000ff900000, 0x00000000ff900000|100%| E|CS|TAMS 0x00000000ff800000, 0x00000000ff800000| Complete 
|  57|0x00000000ff900000, 0x00000000ffa00000, 0x00000000ffa00000|100%| E|CS|TAMS 0x00000000ff900000, 0x00000000ff900000| Complete 
|  58|0x00000000ffa00000, 0x00000000ffb00000, 0x00000000ffb00000|100%| E|CS|TAMS 0x00000000ffa00000, 0x00000000ffa00000| Complete 
|  59|0x00000000ffb00000, 0x00000000ffc00000, 0x00000000ffc00000|100%| E|CS|TAMS 0x00000000ffb00000, 0x00000000ffb00000| Complete 
|  60|0x00000000ffc00000, 0x00000000ffd00000, 0x00000000ffd00000|100%| E|CS|TAMS 0x00000000ffc00000, 0x00000000ffc00000| Complete 
|  61|0x00000000ffd00000, 0x00000000ffe00000, 0x00000000ffe00000|100%| E|CS|TAMS 0x00000000ffd00000, 0x00000000ffd00000| Complete 
|  62|0x00000000ffe00000, 0x00000000fff00000, 0x00000000fff00000|100%| E|CS|TAMS 0x00000000ffe00000, 0x00000000ffe00000| Complete 
|  63|0x00000000fff00000, 0x0000000100000000, 0x0000000100000000|100%| E|CS|TAMS 0x00000000fff00000, 0x00000000fff00000| Complete 

Card table byte_map: [0x00000222f7130000,0x00000222f7150000] _byte_map_base: 0x00000222f6950000

Marking Bits (Prev, Next): (CMBitMap*) 0x00000222dfdc1640, (CMBitMap*) 0x00000222dfdc1680
 Prev Bits: [0x00000222f7170000, 0x00000222f7270000)
 Next Bits: [0x00000222f7270000, 0x00000222f7370000)

Polling page: 0x00000222dfe70000

Metaspace:

Usage:
  Non-class:      1.61 MB used.
      Class:    160.77 KB used.
       Both:      1.76 MB used.

Virtual space:
  Non-class space:       64.00 MB reserved,       1.69 MB (  3%) committed,  1 nodes.
      Class space:        1.00 GB reserved,     192.00 KB ( <1%) committed,  1 nodes.
             Both:        1.06 GB reserved,       1.88 MB ( <1%) committed. 

Chunk freelists:
   Non-Class:  11.71 MB
       Class:  15.69 MB
        Both:  27.41 MB

MaxMetaspaceSize: unlimited
CompressedClassSpaceSize: 1.00 GB
Initial GC threshold: 21.00 MB
Current GC threshold: 21.00 MB
CDS: on
MetaspaceReclaimPolicy: balanced
 - commit_granule_bytes: 65536.
 - commit_granule_words: 8192.
 - virtual_space_node_default_size: 8388608.
 - enlarge_chunks_in_place: 1.
 - new_chunks_are_fully_committed: 0.
 - uncommit_free_chunks: 1.
 - use_allocation_guard: 0.
 - handle_deallocations: 1.


Internal statistics:

num_allocs_failed_limit: 0.
num_arena_births: 14.
num_arena_deaths: 0.
num_vsnodes_births: 2.
num_vsnodes_deaths: 0.
num_space_committed: 30.
num_space_uncommitted: 0.
num_chunks_returned_to_freelist: 0.
num_chunks_taken_from_freelist: 42.
num_chunk_merges: 0.
num_chunk_splits: 22.
num_chunks_enlarged: 14.
num_inconsistent_stats: 0.

CodeHeap 'non-profiled nmethods': size=120000Kb used=221Kb max_used=221Kb free=119778Kb
 bounds [0x00000222ef180000, 0x00000222ef3f0000, 0x00000222f66b0000]
CodeHeap 'profiled nmethods': size=120000Kb used=1017Kb max_used=1017Kb free=118982Kb
 bounds [0x00000222e76b0000, 0x00000222e7920000, 0x00000222eebe0000]
CodeHeap 'non-nmethods': size=5760Kb used=1119Kb max_used=1141Kb free=4640Kb
 bounds [0x00000222eebe0000, 0x00000222eee50000, 0x00000222ef180000]
 total_blobs=996 nmethods=594 adapters=315
 compilation: enabled
              stopped_count=0, restarted_count=0
 full_count=0

Compilation events (20 events):
Event: 4.401 Thread 0x00000222f9d51c50  593       1       sun.nio.fs.WindowsPath::getFileSystem (5 bytes)
Event: 4.401 Thread 0x00000222f9d51c50 nmethod 593 0x00000222ef1b3b90 code [0x00000222ef1b3d20, 0x00000222ef1b3df8]
Event: 4.414 Thread 0x00000222f9d4f190 nmethod 506 0x00000222ef1b3e90 code [0x00000222ef1b4140, 0x00000222ef1b5f10]
Event: 4.414 Thread 0x00000222f9d51c50  596       3       java.util.zip.ZipCoder$UTF8ZipCoder::toString (12 bytes)
Event: 4.414 Thread 0x00000222f9d4f190  566       4       java.util.zip.ZipUtils::CENEXT (9 bytes)
Event: 4.415 Thread 0x00000222f9d51c50 nmethod 596 0x00000222e77ab790 code [0x00000222e77ab940, 0x00000222e77abae8]
Event: 4.416 Thread 0x00000222f9d4f190 nmethod 566 0x00000222ef1b6c90 code [0x00000222ef1b6e00, 0x00000222ef1b6eb8]
Event: 4.416 Thread 0x00000222f9d4f190  516       4       java.io.File::hashCode (8 bytes)
Event: 4.417 Thread 0x00000222f9d51c50  597       2       java.util.HashMap::putVal (300 bytes)
Event: 4.419 Thread 0x00000222f9d51c50 nmethod 597 0x00000222e77abc10 code [0x00000222e77abe60, 0x00000222e77ac618]
Event: 4.419 Thread 0x00000222f9d51c50  598       1       sun.nio.fs.WindowsFileSystem::provider (5 bytes)
Event: 4.419 Thread 0x00000222f9d51c50 nmethod 598 0x00000222ef1b6f90 code [0x00000222ef1b7120, 0x00000222ef1b71f8]
Event: 4.421 Thread 0x00000222f9d51c50  599       3       sun.nio.fs.NativeBuffers::getNativeBufferFromCache (51 bytes)
Event: 4.422 Thread 0x00000222f9d51c50 nmethod 599 0x00000222e77aca90 code [0x00000222e77acc80, 0x00000222e77ad2c8]
Event: 4.422 Thread 0x00000222f9d51c50  600       3       jdk.internal.misc.Unsafe::checkPrimitivePointer (19 bytes)
Event: 4.423 Thread 0x00000222f9d51c50 nmethod 600 0x00000222e77ad490 code [0x00000222e77ad6a0, 0x00000222e77adcc8]
Event: 4.423 Thread 0x00000222f9d51c50  601       3       jdk.internal.misc.Unsafe::checkPointer (19 bytes)
Event: 4.423 Thread 0x00000222f9d51c50 nmethod 601 0x00000222e77adf10 code [0x00000222e77ae0e0, 0x00000222e77ae488]
Event: 4.424 Thread 0x00000222f9d51c50  603       1       sun.nio.fs.NativeBuffer::owner (5 bytes)
Event: 4.424 Thread 0x00000222f9d51c50 nmethod 603 0x00000222ef1b7290 code [0x00000222ef1b7420, 0x00000222ef1b74f8]

GC Heap History (0 events):
No events

Deoptimization events (20 events):
Event: 3.344 Thread 0x00000222de509fa0 Uncommon trap: trap_request=0xffffff45 fr.pc=0x00000222ef1a958c relative=0x00000000000001ec
Event: 3.344 Thread 0x00000222de509fa0 Uncommon trap: reason=unstable_if action=reinterpret pc=0x00000222ef1a958c method=java.io.WinNTFileSystem.normalize(Ljava/lang/String;)Ljava/lang/String; @ 104 c2
Event: 3.344 Thread 0x00000222de509fa0 DEOPT PACKING pc=0x00000222ef1a958c sp=0x000000a0665fdc90
Event: 3.344 Thread 0x00000222de509fa0 DEOPT UNPACKING pc=0x00000222eec323a3 sp=0x000000a0665fdc18 mode 2
Event: 3.346 Thread 0x00000222de509fa0 Uncommon trap: trap_request=0xffffff45 fr.pc=0x00000222ef1a0f14 relative=0x00000000000005d4
Event: 3.346 Thread 0x00000222de509fa0 Uncommon trap: reason=unstable_if action=reinterpret pc=0x00000222ef1a0f14 method=java.util.zip.ZipFile$Source.checkAndAddEntry(II)I @ 50 c2
Event: 3.346 Thread 0x00000222de509fa0 DEOPT PACKING pc=0x00000222ef1a0f14 sp=0x000000a0665fd940
Event: 3.346 Thread 0x00000222de509fa0 DEOPT UNPACKING pc=0x00000222eec323a3 sp=0x000000a0665fd8b0 mode 2
Event: 3.371 Thread 0x00000222de509fa0 Uncommon trap: trap_request=0xffffffde fr.pc=0x00000222ef1ae8e4 relative=0x00000000000007e4
Event: 3.371 Thread 0x00000222de509fa0 Uncommon trap: reason=class_check action=maybe_recompile pc=0x00000222ef1ae8e4 method=java.util.HashMap.putVal(ILjava/lang/Object;Ljava/lang/Object;ZZ)Ljava/lang/Object; @ 203 c2
Event: 3.371 Thread 0x00000222de509fa0 DEOPT PACKING pc=0x00000222ef1ae8e4 sp=0x000000a0665fc930
Event: 3.371 Thread 0x00000222de509fa0 DEOPT UNPACKING pc=0x00000222eec323a3 sp=0x000000a0665fc8c0 mode 2
Event: 3.375 Thread 0x00000222de509fa0 Uncommon trap: trap_request=0xffffffde fr.pc=0x00000222ef1ae8e4 relative=0x00000000000007e4
Event: 3.375 Thread 0x00000222de509fa0 Uncommon trap: reason=class_check action=maybe_recompile pc=0x00000222ef1ae8e4 method=java.util.HashMap.putVal(ILjava/lang/Object;Ljava/lang/Object;ZZ)Ljava/lang/Object; @ 203 c2
Event: 3.375 Thread 0x00000222de509fa0 DEOPT PACKING pc=0x00000222ef1ae8e4 sp=0x000000a0665fc930
Event: 3.375 Thread 0x00000222de509fa0 DEOPT UNPACKING pc=0x00000222eec323a3 sp=0x000000a0665fc8c0 mode 2
Event: 3.378 Thread 0x00000222de509fa0 Uncommon trap: trap_request=0xffffff45 fr.pc=0x00000222ef1a2794 relative=0x0000000000000174
Event: 3.378 Thread 0x00000222de509fa0 Uncommon trap: reason=unstable_if action=reinterpret pc=0x00000222ef1a2794 method=java.util.zip.ZipFile$Source.isMetaName([BII)Z @ 43 c2
Event: 3.378 Thread 0x00000222de509fa0 DEOPT PACKING pc=0x00000222ef1a2794 sp=0x000000a0665fc070
Event: 3.379 Thread 0x00000222de509fa0 DEOPT UNPACKING pc=0x00000222eec323a3 sp=0x000000a0665fc018 mode 2

Classes unloaded (0 events):
No events

Classes redefined (0 events):
No events

Internal exceptions (1 events):
Event: 0.593 Thread 0x00000222de509fa0 Exception <a 'java/lang/NoSuchMethodError'{0x00000000ffdf65c8}: 'int java.lang.invoke.DirectMethodHandle$Holder.invokeStaticInit(java.lang.Object, java.lang.Object)'> (0x00000000ffdf65c8) 
thrown [s\open\src\hotspot\share\interpreter\linkResolver.cpp, line 759]

VM Operations (12 events):
Event: 0.351 Executing VM operation: HandshakeAllThreads
Event: 0.352 Executing VM operation: HandshakeAllThreads done
Event: 1.360 Executing VM operation: Cleanup
Event: 1.360 Executing VM operation: Cleanup done
Event: 3.348 Executing VM operation: HandshakeAllThreads
Event: 3.348 Executing VM operation: HandshakeAllThreads done
Event: 3.348 Executing VM operation: Cleanup
Event: 3.348 Executing VM operation: Cleanup done
Event: 4.354 Executing VM operation: Cleanup
Event: 4.354 Executing VM operation: Cleanup done
Event: 5.355 Executing VM operation: Cleanup
Event: 5.355 Executing VM operation: Cleanup done

Events (20 events):
Event: 0.542 loading class java/io/FilePermissionCollection done
Event: 0.542 loading class java/util/Vector
Event: 0.543 loading class java/util/Vector done
Event: 0.543 loading class java/io/FilePermissionCollection$1
Event: 0.543 loading class java/io/FilePermissionCollection$1 done
Event: 0.609 loading class java/net/MalformedURLException
Event: 0.609 loading class java/net/MalformedURLException done
Event: 0.615 loading class java/io/FileFilter
Event: 0.616 loading class java/io/FileFilter done
Event: 0.798 loading class java/util/AbstractList$Itr
Event: 0.798 loading class java/util/AbstractList$Itr done
Event: 0.840 loading class java/lang/invoke/DirectMethodHandle$Special
Event: 0.840 loading class java/lang/invoke/DirectMethodHandle$Special done
Event: 3.321 Loaded shared library C:\Program Files\Java\jdk-17\bin\jimage.dll
Event: 3.348 loading class java/io/BufferedReader
Event: 3.348 loading class java/io/BufferedReader done
Event: 3.348 loading class sun/nio/cs/StreamDecoder
Event: 3.349 loading class sun/nio/cs/StreamDecoder done
Event: 3.349 loading class sun/nio/cs/UTF_8$Decoder
Event: 3.349 loading class sun/nio/cs/UTF_8$Decoder done


Dynamic libraries:
0x00007ff612260000 - 0x00007ff612270000 	C:\Program Files\Java\jdk-17\bin\java.exe
0x00007ffa36740000 - 0x00007ffa369a0000 	C:\WINDOWS\SYSTEM32\ntdll.dll
0x00007ffa34a00000 - 0x00007ffa34ac7000 	C:\WINDOWS\System32\KERNEL32.DLL
0x00007ffa33e90000 - 0x00007ffa3425a000 	C:\WINDOWS\System32\KERNELBASE.dll
0x00007ffa33d40000 - 0x00007ffa33e8b000 	C:\WINDOWS\System32\ucrtbase.dll
0x00007ffa26640000 - 0x00007ffa26659000 	C:\Program Files\Java\jdk-17\bin\jli.dll
0x00007ffa1ddc0000 - 0x00007ffa1dddb000 	C:\Program Files\Java\jdk-17\bin\VCRUNTIME140.dll
0x00007ffa35fe0000 - 0x00007ffa36092000 	C:\WINDOWS\System32\ADVAPI32.dll
0x00007ffa34cb0000 - 0x00007ffa34d59000 	C:\WINDOWS\System32\msvcrt.dll
0x00007ffa35450000 - 0x00007ffa354f6000 	C:\WINDOWS\System32\sechost.dll
0x00007ffa351a0000 - 0x00007ffa352b6000 	C:\WINDOWS\System32\RPCRT4.dll
0x00007ffa35500000 - 0x00007ffa356cc000 	C:\WINDOWS\System32\USER32.dll
0x00007ffa34510000 - 0x00007ffa34537000 	C:\WINDOWS\System32\win32u.dll
0x00007ffa34f60000 - 0x00007ffa34f8a000 	C:\WINDOWS\System32\GDI32.dll
0x00007ffa34260000 - 0x00007ffa34391000 	C:\WINDOWS\System32\gdi32full.dll
0x00007ffa33c90000 - 0x00007ffa33d33000 	C:\WINDOWS\System32\msvcp_win.dll
0x00007ffa220d0000 - 0x00007ffa22367000 	C:\WINDOWS\WinSxS\amd64_microsoft.windows.common-controls_6595b64144ccf1df_6.0.26100.3624_none_3e086962e3345f24\COMCTL32.dll
0x00007ffa2ce90000 - 0x00007ffa2ce9b000 	C:\WINDOWS\SYSTEM32\VERSION.dll
0x00007ffa34e90000 - 0x00007ffa34ebf000 	C:\WINDOWS\System32\IMM32.DLL
0x00007ffa266d0000 - 0x00007ffa266dc000 	C:\Program Files\Java\jdk-17\bin\vcruntime140_1.dll
0x00007ff9f67d0000 - 0x00007ff9f685e000 	C:\Program Files\Java\jdk-17\bin\msvcp140.dll
0x00007ff9d4f90000 - 0x00007ff9d5b70000 	C:\Program Files\Java\jdk-17\bin\server\jvm.dll
0x00007ffa34540000 - 0x00007ffa34548000 	C:\WINDOWS\System32\PSAPI.DLL
0x00007ffa2ce50000 - 0x00007ffa2ce86000 	C:\WINDOWS\SYSTEM32\WINMM.dll
0x00007ffa2d780000 - 0x00007ffa2d78a000 	C:\WINDOWS\SYSTEM32\WSOCK32.dll
0x00007ffa36680000 - 0x00007ffa366f4000 	C:\WINDOWS\System32\ws2_32.DLL
0x00007ffa32730000 - 0x00007ffa3274a000 	C:\WINDOWS\SYSTEM32\kernel.appcore.dll
0x00007ffa1f6b0000 - 0x00007ffa1f6ba000 	C:\Program Files\Java\jdk-17\bin\jimage.dll
0x00007ffa29fd0000 - 0x00007ffa2a211000 	C:\WINDOWS\SYSTEM32\DBGHELP.DLL
0x00007ffa362f0000 - 0x00007ffa36672000 	C:\WINDOWS\System32\combase.dll
0x00007ffa35310000 - 0x00007ffa353e6000 	C:\WINDOWS\System32\OLEAUT32.dll
0x00007ffa11ae0000 - 0x00007ffa11b19000 	C:\WINDOWS\SYSTEM32\dbgcore.DLL
0x00007ffa33920000 - 0x00007ffa339b9000 	C:\WINDOWS\System32\bcryptPrimitives.dll
0x00007ffa196a0000 - 0x00007ffa196c5000 	C:\Program Files\Java\jdk-17\bin\java.dll
0x00007ff9e0080000 - 0x00007ff9e0157000 	C:\Program Files\Java\jdk-17\bin\jsvml.dll
0x00007ffa358b0000 - 0x00007ffa35fd9000 	C:\WINDOWS\System32\SHELL32.dll
0x00007ffa343a0000 - 0x00007ffa34508000 	C:\WINDOWS\System32\wintypes.dll
0x00007ffa31600000 - 0x00007ffa31e52000 	C:\WINDOWS\SYSTEM32\windows.storage.dll
0x00007ffa36120000 - 0x00007ffa3620d000 	C:\WINDOWS\System32\SHCORE.dll
0x00007ffa35130000 - 0x00007ffa35194000 	C:\WINDOWS\System32\shlwapi.dll
0x00007ffa33830000 - 0x00007ffa3385f000 	C:\WINDOWS\SYSTEM32\profapi.dll
0x00007ffa19580000 - 0x00007ffa19599000 	C:\Program Files\Java\jdk-17\bin\net.dll
0x00007ffa29dc0000 - 0x00007ffa29edd000 	C:\WINDOWS\SYSTEM32\WINHTTP.dll
0x00007ffa32c50000 - 0x00007ffa32cba000 	C:\WINDOWS\system32\mswsock.dll
0x00007ffa18e80000 - 0x00007ffa18e96000 	C:\Program Files\Java\jdk-17\bin\nio.dll
0x00007ffa17530000 - 0x00007ffa17548000 	C:\Program Files\Java\jdk-17\bin\zip.dll
0x00007ffa1d3d0000 - 0x00007ffa1d3e0000 	C:\Program Files\Java\jdk-17\bin\verify.dll

dbghelp: loaded successfully - version: 4.0.5 - missing functions: none
symbol engine: initialized successfully - sym options: 0x614 - pdb path: .;C:\Program Files\Java\jdk-17\bin;C:\WINDOWS\SYSTEM32;C:\WINDOWS\WinSxS\amd64_microsoft.windows.common-controls_6595b64144ccf1df_6.0.26100.3624_none_3e086962e3345f24;C:\Program Files\Java\jdk-17\bin\server

VM Arguments:
jvm_args: -Xmx64m -Xms64m -Dorg.gradle.appname=gradlew 
java_command: org.gradle.wrapper.GradleWrapperMain app:installDebug -PreactNativeDevServerPort=8081
java_class_path (initial): C:\Users\User\BeliBerasProjects\android\\gradle\wrapper\gradle-wrapper.jar
Launcher Type: SUN_STANDARD

[Global flags]
     intx CICompilerCount                          = 4                                         {product} {ergonomic}
     uint ConcGCThreads                            = 2                                         {product} {ergonomic}
     uint G1ConcRefinementThreads                  = 8                                         {product} {ergonomic}
   size_t G1HeapRegionSize                         = 1048576                                   {product} {ergonomic}
    uintx GCDrainStackTargetSize                   = 64                                        {product} {ergonomic}
   size_t InitialHeapSize                          = 67108864                                  {product} {command line}
   size_t MarkStackSize                            = 4194304                                   {product} {ergonomic}
   size_t MaxHeapSize                              = 67108864                                  {product} {command line}
   size_t MaxNewSize                               = 39845888                                  {product} {ergonomic}
   size_t MinHeapDeltaBytes                        = 1048576                                   {product} {ergonomic}
   size_t MinHeapSize                              = 67108864                                  {product} {command line}
    uintx NonNMethodCodeHeapSize                   = 5839372                                {pd product} {ergonomic}
    uintx NonProfiledCodeHeapSize                  = 122909434                              {pd product} {ergonomic}
    uintx ProfiledCodeHeapSize                     = 122909434                              {pd product} {ergonomic}
    uintx ReservedCodeCacheSize                    = 251658240                              {pd product} {ergonomic}
     bool SegmentedCodeCache                       = true                                      {product} {ergonomic}
   size_t SoftMaxHeapSize                          = 67108864                               {manageable} {ergonomic}
     bool UseCompressedClassPointers               = true                           {product lp64_product} {ergonomic}
     bool UseCompressedOops                        = true                           {product lp64_product} {ergonomic}
     bool UseG1GC                                  = true                                      {product} {ergonomic}
     bool UseLargePagesIndividualAllocation        = false                                  {pd product} {ergonomic}

Logging:
Log output configuration:
 #0: stdout all=warning uptime,level,tags
 #1: stderr all=off uptime,level,tags

Environment Variables:
JAVA_HOME=C:\Program Files\Java\jdk-17
CLASSPATH=C:\Users\User\BeliBerasProjects\android\\gradle\wrapper\gradle-wrapper.jar
PATH=C:\Users\User\BeliBerasProjects\node_modules\.bin;C:\Users\User\node_modules\.bin;C:\Users\node_modules\.bin;C:\node_modules\.bin;C:\Users\User\AppData\Roaming\npm\node_modules\npm\node_modules\@npmcli\run-script\lib\node-gyp-bin;C:\Program Files\Eclipse Adoptium\jdk-17.0.14.7-hotspot\bin;C:\Program Files\Java\jdk-17.0.12\bin;C:\Program Files\Common Files\Oracle\Java\javapath;C:\WINDOWS\system32;C:\WINDOWS;C:\WINDOWS\System32\Wbem;C:\WINDOWS\System32\WindowsPowerShell\v1.0\;C:\WINDOWS\System32\OpenSSH\;C:\Program Files\Git\cmd;C:\Program Files\nodejs\;C:\Program Files (x86)\Microsoft SQL Server\160\Tools\Binn\;C:\Program Files\Microsoft SQL Server\160\Tools\Binn\;C:\Program Files\Microsoft SQL Server\Client SDK\ODBC\170\Tools\Binn\;C:\Program Files\Microsoft SQL Server\160\DTS\Binn\;C:\Program Files (x86)\Microsoft SQL Server\160\DTS\Binn\;C:\Users\User\AppData\Local\Android\Sdk\platform-tools;C:\Program Files\Java\jdk-17\bin;C:\ProgramData\chocolatey\bin;C:\Users\User\AppData\Local\Android\Sdk\tools;C:\Users\User\AppData\Local\Microsoft\WindowsApps;C:\Users\User\AppData\Local\Programs\Microsoft VS Code\bin;C:\Users\User\AppData\Roaming\npm;
USERNAME=User
OS=Windows_NT
PROCESSOR_IDENTIFIER=AMD64 Family 23 Model 24 Stepping 1, AuthenticAMD



---------------  S Y S T E M  ---------------

OS:
 Windows 11 , 64 bit Build 26100 (10.0.26100.3775)
OS uptime: 4 days 5:59 hours

CPU: total 8 (initial active 8) (8 cores per cpu, 2 threads per core) family 23 model 24 stepping 1 microcode 0x8108109, cx8, cmov, fxsr, ht, mmx, 3dnowpref, sse, sse2, sse3, ssse3, sse4a, sse4.1, sse4.2, popcnt, lzcnt, tsc, tscinvbit, avx, avx2, aes, clmul, bmi1, bmi2, adx, sha, fma, vzeroupper, clflush, clflushopt

Memory: 4k page, system-wide physical 3519M (182M free)
TotalPageFile size 14271M (AvailPageFile size 0M)
current process WorkingSet (physical memory assigned to process): 63M, peak: 65M
current process commit charge ("private bytes"): 147M, peak: 150M

vm_info: Java HotSpot(TM) 64-Bit Server VM (17.0.12+8-LTS-286) for windows-amd64 JRE (17.0.12+8-LTS-286), built on Jun  5 2024 06:46:59 by "mach5one" with MS VC++ 17.6 (VS2022)

END.
